[Setup] Input  ResNet__input_0_fix  size=150528 h=224 w=224
[Setup] Output ResNet__ResNet_Linear_fc__8290_fix  size=1000
[DDR4] Instructions: reg_val=0x1B900  phys=0x000000001B900000  size=742492 B
[DDR4] Weights:      phys=0x000000001C100000  size=25726976 B
[DDR4] Input tensor: phys=0x000000001B9C0000  total=152608 B  pixel_start=+2080 B
[Snapshot] Weight backup taken: 25726976 B @ 0x000000001C100000
[Baseline] Accuracy: 6/100 = 6.00%

──── target=weights ────
  [SEFI-block] SEFI-block  phys=0x000000001C583315  start=4731669  size=4096 B  bits~16276
  [SEFI-block] SEFI-block  phys=0x000000001CAE6A13  start=10381843  size=4096 B  bits~16335
  [SEFI-block] SEFI-block  phys=0x000000001C55718A  start=4551050  size=4096 B  bits~16372
  [SEFI-block] SEFI-block  phys=0x000000001CE47EDE  start=13926110  size=4096 B  bits~16423
  [SEFI-block] SEFI-block  phys=0x000000001CFE17B8  start=15603640  size=4096 B  bits~16515
  [SEFI-block] SEFI-block  phys=0x000000001C21DE1E  start=1170974  size=4096 B  bits~16563
  [SEFI-block] SEFI-block  phys=0x000000001C3C8A0A  start=2918922  size=4096 B  bits~16473
  [SEFI-block] SEFI-block  phys=0x000000001CA886F7  start=9996023  size=4096 B  bits~16576
  [SEFI-block] SEFI-block  phys=0x000000001D727ACB  start=23231179  size=4096 B  bits~16470
  [SEFI-block] SEFI-block  phys=0x000000001CB73710  start=10958608  size=4096 B  bits~16473
  [SEFI-block] SEFI-block  phys=0x000000001CBF55FB  start=11490811  size=4096 B  bits~16306
  [SEFI-block] SEFI-block  phys=0x000000001C4A278F  start=3811215  size=4096 B  bits~16555
  [SEFI-block] SEFI-block  phys=0x000000001CC55408  start=11883528  size=4096 B  bits~16578
  [SEFI-block] SEFI-block  phys=0x000000001CDB6AA8  start=13331112  size=4096 B  bits~16456
  [SEFI-block] SEFI-block  phys=0x000000001C4E8141  start=4096321  size=4096 B  bits~16458
  [SEFI-block] SEFI-block  phys=0x000000001D579836  start=21469238  size=4096 B  bits~16417
  [SEFI-block] SEFI-block  phys=0x000000001C32E8DB  start=2287835  size=4096 B  bits~16610
  [SEFI-block] SEFI-block  phys=0x000000001CFF4CC4  start=15682756  size=4096 B  bits~16468
  [SEFI-block] SEFI-block  phys=0x000000001CE94F2C  start=14241580  size=4096 B  bits~16489
  [SEFI-block] SEFI-block  phys=0x000000001D1373D6  start=17003478  size=4096 B  bits~16465
  [SEFI-block] SEFI-block  phys=0x000000001CBCABAC  start=11316140  size=4096 B  bits~16522
  [SEFI-block] SEFI-block  phys=0x000000001CA1AFE5  start=9547749  size=4096 B  bits~16216
  [SEFI-block] SEFI-block  phys=0x000000001C5BB7C5  start=4962245  size=4096 B  bits~16314
  [SEFI-block] SEFI-block  phys=0x000000001C24E7D3  start=1370067  size=4096 B  bits~16570
  [SEFI-block] SEFI-block  phys=0x000000001D4FD1C2  start=20959682  size=4096 B  bits~16317
  [SEFI-block] SEFI-block  phys=0x000000001CBD791B  start=11368731  size=4096 B  bits~16678
  [SEFI-block] SEFI-block  phys=0x000000001CEDAF68  start=14528360  size=4096 B  bits~16374
  [SEFI-block] SEFI-block  phys=0x000000001D286FDF  start=18378719  size=4096 B  bits~16480
  [SEFI-block] SEFI-block  phys=0x000000001CC867D2  start=12085202  size=4096 B  bits~16391
  [SEFI-block] SEFI-block  phys=0x000000001C3CCD27  start=2936103  size=4096 B  bits~16346
  [SEFI-block] SEFI-block  phys=0x000000001C4722C3  start=3613379  size=4096 B  bits~16600
  [SEFI-block] SEFI-block  phys=0x000000001CED7DC3  start=14515651  size=4096 B  bits~16457
  [SEFI-block] SEFI-block  phys=0x000000001D2B2119  start=18555161  size=4096 B  bits~16390
  [SEFI-block] SEFI-block  phys=0x000000001D33D7CB  start=19126219  size=4096 B  bits~16401
  [SEFI-block] SEFI-block  phys=0x000000001D07F9C2  start=16251330  size=4096 B  bits~16366
  [SEFI-block] SEFI-block  phys=0x000000001D3B5937  start=19618103  size=4096 B  bits~16424
  [SEFI-block] SEFI-block  phys=0x000000001C88DB2A  start=7920426  size=4096 B  bits~16278
  [SEFI-block] SEFI-block  phys=0x000000001D1FDCCA  start=17816778  size=4096 B  bits~16419
  [SEFI-block] SEFI-block  phys=0x000000001D88EF5D  start=24702813  size=4096 B  bits~16519
  [SEFI-block] SEFI-block  phys=0x000000001D0BFBF1  start=16514033  size=4096 B  bits~16372
  [SEFI-block] SEFI-block  phys=0x000000001CD01E11  start=12590609  size=4096 B  bits~16338
  [SEFI-block] SEFI-block  phys=0x000000001D40609A  start=19947674  size=4096 B  bits~16385
  [SEFI-block] SEFI-block  phys=0x000000001C47F295  start=3666581  size=4096 B  bits~16524
  [SEFI-block] SEFI-block  phys=0x000000001C62C85E  start=5425246  size=4096 B  bits~16614
  [SEFI-block] SEFI-block  phys=0x000000001C402193  start=3154323  size=4096 B  bits~16407
  [SEFI-block] SEFI-block  phys=0x000000001C4D828B  start=4031115  size=4096 B  bits~16453
  [SEFI-block] SEFI-block  phys=0x000000001C3E9862  start=3053666  size=4096 B  bits~16303
  [SEFI-block] SEFI-block  phys=0x000000001C4F1E91  start=4136593  size=4096 B  bits~16495
  [SEFI-block] SEFI-block  phys=0x000000001C41138F  start=3216271  size=4096 B  bits~16400
  [SEFI-block] SEFI-block  phys=0x000000001CAA6023  start=10117155  size=4096 B  bits~16387
  [SEFI-block] SEFI-block  phys=0x000000001D80A3CB  start=24159179  size=4096 B  bits~16328
  [SEFI-block] SEFI-block  phys=0x000000001D12BF10  start=16957200  size=4096 B  bits~16543
  [SEFI-block] SEFI-block  phys=0x000000001D518DC7  start=21073351  size=4096 B  bits~16463
  [SEFI-block] SEFI-block  phys=0x000000001C6DC6FD  start=6145789  size=4096 B  bits~16408
  [SEFI-block] SEFI-block  phys=0x000000001C14E302  start=320258  size=4096 B  bits~16460
  [SEFI-block] SEFI-block  phys=0x000000001C88AED6  start=7909078  size=4096 B  bits~16514
  [SEFI-block] SEFI-block  phys=0x000000001C31C2F5  start=2212597  size=4096 B  bits~16326
  [SEFI-block] SEFI-block  phys=0x000000001D8C19FB  start=24910331  size=4096 B  bits~16429
  [SEFI-block] SEFI-block  phys=0x000000001C2BE582  start=1828226  size=4096 B  bits~16473
  [SEFI-block] SEFI-block  phys=0x000000001CADDE9C  start=10346140  size=4096 B  bits~16534
  [SEFI-block] SEFI-block  phys=0x000000001CA3E83C  start=9693244  size=4096 B  bits~16343
  [SEFI-block] SEFI-block  phys=0x000000001D971B64  start=25631588  size=4096 B  bits~16477
  [SEFI-block] SEFI-block  phys=0x000000001D2D1194  start=18682260  size=4096 B  bits~16321
  [SEFI-block] SEFI-block  phys=0x000000001D5745F4  start=21448180  size=4096 B  bits~16553
  [SEFI-block] SEFI-block  phys=0x000000001D0A4936  start=16402742  size=4096 B  bits~16447
  [SEFI-block] SEFI-block  phys=0x000000001C853262  start=7680610  size=4096 B  bits~16522
  [SEFI-block] SEFI-block  phys=0x000000001D7264B2  start=23225522  size=4096 B  bits~16469
  [SEFI-block] SEFI-block  phys=0x000000001C35D593  start=2479507  size=4096 B  bits~16533
  [SEFI-block] SEFI-block  phys=0x000000001D559243  start=21336643  size=4096 B  bits~16275
  [SEFI-block] SEFI-block  phys=0x000000001D8360EF  start=24338671  size=4096 B  bits~16432
  [SEFI-block] SEFI-block  phys=0x000000001C9AE50E  start=9102606  size=4096 B  bits~16449
  [SEFI-block] SEFI-block  phys=0x000000001CBD202B  start=11345963  size=4096 B  bits~16454
  [SEFI-block] SEFI-block  phys=0x000000001C926D84  start=8547716  size=4096 B  bits~16473
  [SEFI-block] SEFI-block  phys=0x000000001D0F33F6  start=16724982  size=4096 B  bits~16311
  [SEFI-block] SEFI-block  phys=0x000000001C99ACEA  start=9022698  size=4096 B  bits~16419
  [SEFI-block] SEFI-block  phys=0x000000001CD8CA1A  start=13158938  size=4096 B  bits~16274
  [SEFI-block] SEFI-block  phys=0x000000001C4174CF  start=3241167  size=4096 B  bits~16386
  [SEFI-block] SEFI-block  phys=0x000000001C9DBED0  start=9289424  size=4096 B  bits~16392
  [SEFI-block] SEFI-block  phys=0x000000001C4CCED5  start=3985109  size=4096 B  bits~16508
  [SEFI-block] SEFI-block  phys=0x000000001CD76CDF  start=13069535  size=4096 B  bits~16246
  [SEFI-block] SEFI-block  phys=0x000000001C3859D0  start=2644432  size=4096 B  bits~16472
  [SEFI-block] SEFI-block  phys=0x000000001C90CED2  start=8441554  size=4096 B  bits~16371
  [SEFI-block] SEFI-block  phys=0x000000001C161AB3  start=400051  size=4096 B  bits~16441
  [SEFI-block] SEFI-block  phys=0x000000001D08B706  start=16299782  size=4096 B  bits~16532
  [SEFI-block] SEFI-block  phys=0x000000001C5BC22E  start=4964910  size=4096 B  bits~16392
  [SEFI-block] SEFI-block  phys=0x000000001CCE59AD  start=12474797  size=4096 B  bits~16602
  [SEFI-block] SEFI-block  phys=0x000000001CDA3E67  start=13254247  size=4096 B  bits~16343
  [SEFI-block] SEFI-block  phys=0x000000001D8AA7E7  start=24815591  size=4096 B  bits~16397
  [SEFI-block] SEFI-block  phys=0x000000001D03C3F3  start=15975411  size=4096 B  bits~16534
  [SEFI-block] SEFI-block  phys=0x000000001CDEB90D  start=13547789  size=4096 B  bits~16339
  [SEFI-block] SEFI-block  phys=0x000000001D484335  start=20464437  size=4096 B  bits~16519
  [SEFI-block] SEFI-block  phys=0x000000001C700B7B  start=6294395  size=4096 B  bits~16440
  [SEFI-block] SEFI-block  phys=0x000000001D85FAAA  start=24509098  size=4096 B  bits~16451
  [SEFI-block] SEFI-block  phys=0x000000001D28B50C  start=18396428  size=4096 B  bits~16756
  [SEFI-block] SEFI-block  phys=0x000000001C9FB655  start=9418325  size=4096 B  bits~16364
  [SEFI-block] SEFI-block  phys=0x000000001C76EFDA  start=6746074  size=4096 B  bits~16467
  [SEFI-block] SEFI-block  phys=0x000000001CB9DF26  start=11132710  size=4096 B  bits~16337
  [SEFI-block] SEFI-block  phys=0x000000001C425D5D  start=3300701  size=4096 B  bits~16554
  [SEFI-block] SEFI-block  phys=0x000000001C52DE83  start=4382339  size=4096 B  bits~16426
  [SEFI-block] SEFI-block  phys=0x000000001C8B72A9  start=8090281  size=4096 B  bits~16425
[Summary] target=weights  baseline=6.00%  faulty=5.00%

──── target=input_tensor ────
  [SEFI-block] SEFI-block  phys=0x000000001B9E341E  start=142334  size=4096 B  bits~16495
  [SEFI-block] SEFI-block  phys=0x000000001B9D6BC3  start=91043  size=4096 B  bits~16481
  [SEFI-block] SEFI-block  phys=0x000000001B9CD64A  start=52778  size=4096 B  bits~16416
  [SEFI-block] SEFI-block  phys=0x000000001B9C96E1  start=36545  size=4096 B  bits~16348
  [SEFI-block] SEFI-block  phys=0x000000001B9CF35C  start=60220  size=4096 B  bits~16505
  [SEFI-block] SEFI-block  phys=0x000000001B9DD85C  start=118844  size=4096 B  bits~16414
  [SEFI-block] SEFI-block  phys=0x000000001B9C49EA  start=16842  size=4096 B  bits~16431
  [SEFI-block] SEFI-block  phys=0x000000001B9DB2E4  start=109252  size=4096 B  bits~16400
  [SEFI-block] SEFI-block  phys=0x000000001B9D2735  start=73493  size=4096 B  bits~16573
  [SEFI-block] SEFI-block  phys=0x000000001B9CD055  start=51253  size=4096 B  bits~16357
  [SEFI-block] SEFI-block  phys=0x000000001B9D0E75  start=67157  size=4096 B  bits~16287
  [SEFI-block] SEFI-block  phys=0x000000001B9E126B  start=133707  size=4096 B  bits~16335
  [SEFI-block] SEFI-block  phys=0x000000001B9CA249  start=39465  size=4096 B  bits~16506
  [SEFI-block] SEFI-block  phys=0x000000001B9E38D0  start=143536  size=4096 B  bits~16448
  [SEFI-block] SEFI-block  phys=0x000000001B9DEEE0  start=124608  size=4096 B  bits~16459
  [SEFI-block] SEFI-block  phys=0x000000001B9D9C46  start=103462  size=4096 B  bits~16454
  [SEFI-block] SEFI-block  phys=0x000000001B9D879C  start=98172  size=4096 B  bits~16601
  [SEFI-block] SEFI-block  phys=0x000000001B9DDF5D  start=120637  size=4096 B  bits~16409
  [SEFI-block] SEFI-block  phys=0x000000001B9D1855  start=69685  size=4096 B  bits~16404
  [SEFI-block] SEFI-block  phys=0x000000001B9E27A7  start=139143  size=4096 B  bits~16492
  [SEFI-block] SEFI-block  phys=0x000000001B9DE83B  start=122907  size=4096 B  bits~16395
  [SEFI-block] SEFI-block  phys=0x000000001B9C2478  start=7256  size=4096 B  bits~16299
  [SEFI-block] SEFI-block  phys=0x000000001B9DB4ED  start=109773  size=4096 B  bits~16284
  [SEFI-block] SEFI-block  phys=0x000000001B9C121D  start=2557  size=4096 B  bits~16457
  [SEFI-block] SEFI-block  phys=0x000000001B9D8793  start=98163  size=4096 B  bits~16329
  [SEFI-block] SEFI-block  phys=0x000000001B9C9339  start=35609  size=4096 B  bits~16550
  [SEFI-block] SEFI-block  phys=0x000000001B9DC69F  start=114303  size=4096 B  bits~16278
  [SEFI-block] SEFI-block  phys=0x000000001B9CACBE  start=42142  size=4096 B  bits~16373
  [SEFI-block] SEFI-block  phys=0x000000001B9C0919  start=249  size=4096 B  bits~16477
  [SEFI-block] SEFI-block  phys=0x000000001B9CC34C  start=47916  size=4096 B  bits~16487
  [SEFI-block] SEFI-block  phys=0x000000001B9DF1D0  start=125360  size=4096 B  bits~16317
  [SEFI-block] SEFI-block  phys=0x000000001B9DF881  start=127073  size=4096 B  bits~16492
  [SEFI-block] SEFI-block  phys=0x000000001B9C29BB  start=8603  size=4096 B  bits~16308
  [SEFI-block] SEFI-block  phys=0x000000001B9E1DAA  start=136586  size=4096 B  bits~16441
  [SEFI-block] SEFI-block  phys=0x000000001B9D7B17  start=94967  size=4096 B  bits~16503
  [SEFI-block] SEFI-block  phys=0x000000001B9CD246  start=51750  size=4096 B  bits~16500
  [SEFI-block] SEFI-block  phys=0x000000001B9D4EBE  start=83614  size=4096 B  bits~16420
  [SEFI-block] SEFI-block  phys=0x000000001B9D5618  start=85496  size=4096 B  bits~16408
  [SEFI-block] SEFI-block  phys=0x000000001B9C86C6  start=32422  size=4096 B  bits~16386
  [SEFI-block] SEFI-block  phys=0x000000001B9E1988  start=135528  size=4096 B  bits~16565
  [SEFI-block] SEFI-block  phys=0x000000001B9E0DEF  start=132559  size=4096 B  bits~16413
  [SEFI-block] SEFI-block  phys=0x000000001B9D6A24  start=90628  size=4096 B  bits~16540
  [SEFI-block] SEFI-block  phys=0x000000001B9CBA3B  start=45595  size=4096 B  bits~16533
  [SEFI-block] SEFI-block  phys=0x000000001B9E1E58  start=136760  size=4096 B  bits~16371
  [SEFI-block] SEFI-block  phys=0x000000001B9C5EEF  start=22223  size=4096 B  bits~16511
  [SEFI-block] SEFI-block  phys=0x000000001B9E2F31  start=141073  size=4096 B  bits~16328
  [SEFI-block] SEFI-block  phys=0x000000001B9E1D53  start=136499  size=4096 B  bits~16587
  [SEFI-block] SEFI-block  phys=0x000000001B9C7C6D  start=29773  size=4096 B  bits~16450
  [SEFI-block] SEFI-block  phys=0x000000001B9C53BA  start=19354  size=4096 B  bits~16378
  [SEFI-block] SEFI-block  phys=0x000000001B9D30CC  start=75948  size=4096 B  bits~16533
  [SEFI-block] SEFI-block  phys=0x000000001B9D36CB  start=77483  size=4096 B  bits~16398
  [SEFI-block] SEFI-block  phys=0x000000001B9CB84B  start=45099  size=4096 B  bits~16443
  [SEFI-block] SEFI-block  phys=0x000000001B9D76BD  start=93853  size=4096 B  bits~16450
  [SEFI-block] SEFI-block  phys=0x000000001B9CBF82  start=46946  size=4096 B  bits~16446
  [SEFI-block] SEFI-block  phys=0x000000001B9D8F2F  start=100111  size=4096 B  bits~16312
  [SEFI-block] SEFI-block  phys=0x000000001B9C4294  start=14964  size=4096 B  bits~16453
  [SEFI-block] SEFI-block  phys=0x000000001B9D08E9  start=65737  size=4096 B  bits~16587
  [SEFI-block] SEFI-block  phys=0x000000001B9D87D7  start=98231  size=4096 B  bits~16459
  [SEFI-block] SEFI-block  phys=0x000000001B9C1647  start=3623  size=4096 B  bits~16405
  [SEFI-block] SEFI-block  phys=0x000000001B9D36AF  start=77455  size=4096 B  bits~16528
  [SEFI-block] SEFI-block  phys=0x000000001B9D2CDD  start=74941  size=4096 B  bits~16473
  [SEFI-block] SEFI-block  phys=0x000000001B9D6B29  start=90889  size=4096 B  bits~16373
  [SEFI-block] SEFI-block  phys=0x000000001B9D9476  start=101462  size=4096 B  bits~16255
  [SEFI-block] SEFI-block  phys=0x000000001B9DB9D5  start=111029  size=4096 B  bits~16432
  [SEFI-block] SEFI-block  phys=0x000000001B9E2ACD  start=139949  size=4096 B  bits~16435
  [SEFI-block] SEFI-block  phys=0x000000001B9C87A0  start=32640  size=4096 B  bits~16587
  [SEFI-block] SEFI-block  phys=0x000000001B9D6F33  start=91923  size=4096 B  bits~16416
  [SEFI-block] SEFI-block  phys=0x000000001B9C4239  start=14873  size=4096 B  bits~16442
  [SEFI-block] SEFI-block  phys=0x000000001B9D8A5A  start=98874  size=4096 B  bits~16455
  [SEFI-block] SEFI-block  phys=0x000000001B9C2E47  start=9767  size=4096 B  bits~16585
  [SEFI-block] SEFI-block  phys=0x000000001B9D019E  start=63870  size=4096 B  bits~16301
  [SEFI-block] SEFI-block  phys=0x000000001B9CE96B  start=57675  size=4096 B  bits~16569
  [SEFI-block] SEFI-block  phys=0x000000001B9CD762  start=53058  size=4096 B  bits~16510
  [SEFI-block] SEFI-block  phys=0x000000001B9C235C  start=6972  size=4096 B  bits~16446
  [SEFI-block] SEFI-block  phys=0x000000001B9DB329  start=109321  size=4096 B  bits~16424
  [SEFI-block] SEFI-block  phys=0x000000001B9D7E5A  start=95802  size=4096 B  bits~16370
  [SEFI-block] SEFI-block  phys=0x000000001B9CD196  start=51574  size=4096 B  bits~16477
  [SEFI-block] SEFI-block  phys=0x000000001B9DA989  start=106857  size=4096 B  bits~16362
  [SEFI-block] SEFI-block  phys=0x000000001B9DC7CC  start=114604  size=4096 B  bits~16424
  [SEFI-block] SEFI-block  phys=0x000000001B9DF74E  start=126766  size=4096 B  bits~16404
  [SEFI-block] SEFI-block  phys=0x000000001B9CC265  start=47685  size=4096 B  bits~16363
  [SEFI-block] SEFI-block  phys=0x000000001B9E3EFB  start=145115  size=4096 B  bits~16492
  [SEFI-block] SEFI-block  phys=0x000000001B9DFBF7  start=127959  size=4096 B  bits~16617
  [SEFI-block] SEFI-block  phys=0x000000001B9D4926  start=82182  size=4096 B  bits~16549
  [SEFI-block] SEFI-block  phys=0x000000001B9C74E2  start=27842  size=4096 B  bits~16584
  [SEFI-block] SEFI-block  phys=0x000000001B9CEC0B  start=58347  size=4096 B  bits~16461
  [SEFI-block] SEFI-block  phys=0x000000001B9C3618  start=11768  size=4096 B  bits~16635
  [SEFI-block] SEFI-block  phys=0x000000001B9DF25C  start=125500  size=4096 B  bits~16333
  [SEFI-block] SEFI-block  phys=0x000000001B9C8C71  start=33873  size=4096 B  bits~16430
  [SEFI-block] SEFI-block  phys=0x000000001B9C9FA5  start=38789  size=4096 B  bits~16452
  [SEFI-block] SEFI-block  phys=0x000000001B9DA4A6  start=105606  size=4096 B  bits~16575
  [SEFI-block] SEFI-block  phys=0x000000001B9D898B  start=98667  size=4096 B  bits~16388
  [SEFI-block] SEFI-block  phys=0x000000001B9CE50D  start=56557  size=4096 B  bits~16475
  [SEFI-block] SEFI-block  phys=0x000000001B9DF5EF  start=126415  size=4096 B  bits~16722
  [SEFI-block] SEFI-block  phys=0x000000001B9DE1EC  start=121292  size=4096 B  bits~16444
  [SEFI-block] SEFI-block  phys=0x000000001B9D4955  start=82229  size=4096 B  bits~16417
  [SEFI-block] SEFI-block  phys=0x000000001B9E2C52  start=140338  size=4096 B  bits~16404
  [SEFI-block] SEFI-block  phys=0x000000001B9D2505  start=72933  size=4096 B  bits~16439
  [SEFI-block] SEFI-block  phys=0x000000001B9DB386  start=109414  size=4096 B  bits~16567
  [SEFI-block] SEFI-block  phys=0x000000001B9CD9CB  start=53675  size=4096 B  bits~16501
[Summary] target=input_tensor  baseline=6.00%  faulty=6.00%

──── target=buffers ────
  [buffers_post] SEFI-block  phys=0x0000000007351000  start=0  size=1008 B  bits~4056
  [buffers_post] SEFI-block  phys=0x0000000007351000  start=0  size=1008 B  bits~4097
  [buffers_post] SEFI-block  phys=0x0000000007351000  start=0  size=1008 B  bits~4082
  [buffers_post] SEFI-block  phys=0x0000000007351000  start=0  size=1008 B  bits~4054
  [buffers_post] SEFI-block  phys=0x0000000007351000  start=0  size=1008 B  bits~4106
  [buffers_post] SEFI-block  phys=0x0000000007351000  start=0  size=1008 B  bits~4069
  [buffers_post] SEFI-block  phys=0x0000000007351000  start=0  size=1008 B  bits~4082
  [buffers_post] SEFI-block  phys=0x0000000007351000  start=0  size=1008 B  bits~4031
  [buffers_post] SEFI-block  phys=0x0000000007351000  start=0  size=1008 B  bits~4102
  [buffers_post] SEFI-block  phys=0x0000000007351000  start=0  size=1008 B  bits~4132
  [buffers_post] SEFI-block  phys=0x0000000007351000  start=0  size=1008 B  bits~4028
  [buffers_post] SEFI-block  phys=0x0000000007351000  start=0  size=1008 B  bits~4064
  [buffers_post] SEFI-block  phys=0x0000000007351000  start=0  size=1008 B  bits~4092
  [buffers_post] SEFI-block  phys=0x0000000007351000  start=0  size=1008 B  bits~4048
  [buffers_post] SEFI-block  phys=0x0000000007351000  start=0  size=1008 B  bits~4050
  [buffers_post] SEFI-block  phys=0x0000000007351000  start=0  size=1008 B  bits~4058
  [buffers_post] SEFI-block  phys=0x0000000007351000  start=0  size=1008 B  bits~4126
  [buffers_post] SEFI-block  phys=0x0000000007351000  start=0  size=1008 B  bits~4092
  [buffers_post] SEFI-block  phys=0x0000000007351000  start=0  size=1008 B  bits~4099
  [buffers_post] SEFI-block  phys=0x0000000007351000  start=0  size=1008 B  bits~4085
  [buffers_post] SEFI-block  phys=0x0000000007351000  start=0  size=1008 B  bits~3995
  [buffers_post] SEFI-block  phys=0x0000000007351000  start=0  size=1008 B  bits~4085
  [buffers_post] SEFI-block  phys=0x0000000007351000  start=0  size=1008 B  bits~4044
  [buffers_post] SEFI-block  phys=0x0000000007351000  start=0  size=1008 B  bits~4054
  [buffers_post] SEFI-block  phys=0x0000000007351000  start=0  size=1008 B  bits~4058
  [buffers_post] SEFI-block  phys=0x0000000007351000  start=0  size=1008 B  bits~4004
  [buffers_post] SEFI-block  phys=0x0000000007351000  start=0  size=1008 B  bits~3980
  [buffers_post] SEFI-block  phys=0x0000000007351000  start=0  size=1008 B  bits~4021
  [buffers_post] SEFI-block  phys=0x0000000007351000  start=0  size=1008 B  bits~4069
  [buffers_post] SEFI-block  phys=0x0000000007351000  start=0  size=1008 B  bits~4054
  [buffers_post] SEFI-block  phys=0x0000000007351000  start=0  size=1008 B  bits~4043
  [buffers_post] SEFI-block  phys=0x0000000007351000  start=0  size=1008 B  bits~3979
  [buffers_post] SEFI-block  phys=0x0000000007351000  start=0  size=1008 B  bits~4111
  [buffers_post] SEFI-block  phys=0x0000000007351000  start=0  size=1008 B  bits~4000
  [buffers_post] SEFI-block  phys=0x0000000007351000  start=0  size=1008 B  bits~4035
  [buffers_post] SEFI-block  phys=0x0000000007351000  start=0  size=1008 B  bits~4039
  [buffers_post] SEFI-block  phys=0x0000000007351000  start=0  size=1008 B  bits~4003
  [buffers_post] SEFI-block  phys=0x0000000007351000  start=0  size=1008 B  bits~4086
  [buffers_post] SEFI-block  phys=0x0000000007351000  start=0  size=1008 B  bits~4034
  [buffers_post] SEFI-block  phys=0x0000000007351000  start=0  size=1008 B  bits~3988
  [buffers_post] SEFI-block  phys=0x0000000007351000  start=0  size=1008 B  bits~4087
  [buffers_post] SEFI-block  phys=0x0000000007351000  start=0  size=1008 B  bits~4096
  [buffers_post] SEFI-block  phys=0x0000000007351000  start=0  size=1008 B  bits~4067
  [buffers_post] SEFI-block  phys=0x0000000007351000  start=0  size=1008 B  bits~4045
  [buffers_post] SEFI-block  phys=0x0000000007351000  start=0  size=1008 B  bits~4016
  [buffers_post] SEFI-block  phys=0x0000000007351000  start=0  size=1008 B  bits~4065
  [buffers_post] SEFI-block  phys=0x0000000007351000  start=0  size=1008 B  bits~4050
  [buffers_post] SEFI-block  phys=0x0000000007351000  start=0  size=1008 B  bits~4065
  [buffers_post] SEFI-block  phys=0x0000000007351000  start=0  size=1008 B  bits~4091
  [buffers_post] SEFI-block  phys=0x0000000007351000  start=0  size=1008 B  bits~4047
  [buffers_post] SEFI-block  phys=0x0000000007351000  start=0  size=1008 B  bits~4002
  [buffers_post] SEFI-block  phys=0x0000000007351000  start=0  size=1008 B  bits~4085
  [buffers_post] SEFI-block  phys=0x0000000007351000  start=0  size=1008 B  bits~4043
  [buffers_post] SEFI-block  phys=0x0000000007351000  start=0  size=1008 B  bits~4031
  [buffers_post] SEFI-block  phys=0x0000000007351000  start=0  size=1008 B  bits~4112
  [buffers_post] SEFI-block  phys=0x0000000007351000  start=0  size=1008 B  bits~4023
  [buffers_post] SEFI-block  phys=0x0000000007351000  start=0  size=1008 B  bits~4034
  [buffers_post] SEFI-block  phys=0x0000000007351000  start=0  size=1008 B  bits~3983
  [buffers_post] SEFI-block  phys=0x0000000007351000  start=0  size=1008 B  bits~4078
  [buffers_post] SEFI-block  phys=0x0000000007351000  start=0  size=1008 B  bits~4075
  [buffers_post] SEFI-block  phys=0x0000000007351000  start=0  size=1008 B  bits~4007
  [buffers_post] SEFI-block  phys=0x0000000007351000  start=0  size=1008 B  bits~4084
  [buffers_post] SEFI-block  phys=0x0000000007351000  start=0  size=1008 B  bits~4009
  [buffers_post] SEFI-block  phys=0x0000000007351000  start=0  size=1008 B  bits~4062
  [buffers_post] SEFI-block  phys=0x0000000007351000  start=0  size=1008 B  bits~4111
  [buffers_post] SEFI-block  phys=0x0000000007351000  start=0  size=1008 B  bits~4021
  [buffers_post] SEFI-block  phys=0x0000000007351000  start=0  size=1008 B  bits~4038
  [buffers_post] SEFI-block  phys=0x0000000007351000  start=0  size=1008 B  bits~4067
  [buffers_post] SEFI-block  phys=0x0000000007351000  start=0  size=1008 B  bits~4008
  [buffers_post] SEFI-block  phys=0x0000000007351000  start=0  size=1008 B  bits~4027
  [buffers_post] SEFI-block  phys=0x0000000007351000  start=0  size=1008 B  bits~4109
  [buffers_post] SEFI-block  phys=0x0000000007351000  start=0  size=1008 B  bits~4029
  [buffers_post] SEFI-block  phys=0x0000000007351000  start=0  size=1008 B  bits~4003
  [buffers_post] SEFI-block  phys=0x0000000007351000  start=0  size=1008 B  bits~4092
  [buffers_post] SEFI-block  phys=0x0000000007351000  start=0  size=1008 B  bits~4051
  [buffers_post] SEFI-block  phys=0x0000000007351000  start=0  size=1008 B  bits~4045
  [buffers_post] SEFI-block  phys=0x0000000007351000  start=0  size=1008 B  bits~3994
  [buffers_post] SEFI-block  phys=0x0000000007351000  start=0  size=1008 B  bits~4000
  [buffers_post] SEFI-block  phys=0x0000000007351000  start=0  size=1008 B  bits~4080
  [buffers_post] SEFI-block  phys=0x0000000007351000  start=0  size=1008 B  bits~4126
  [buffers_post] SEFI-block  phys=0x0000000007351000  start=0  size=1008 B  bits~4019
  [buffers_post] SEFI-block  phys=0x0000000007351000  start=0  size=1008 B  bits~4052
  [buffers_post] SEFI-block  phys=0x0000000007351000  start=0  size=1008 B  bits~4027
  [buffers_post] SEFI-block  phys=0x0000000007351000  start=0  size=1008 B  bits~4113
  [buffers_post] SEFI-block  phys=0x0000000007351000  start=0  size=1008 B  bits~3947
  [buffers_post] SEFI-block  phys=0x0000000007351000  start=0  size=1008 B  bits~4007
  [buffers_post] SEFI-block  phys=0x0000000007351000  start=0  size=1008 B  bits~4106
  [buffers_post] SEFI-block  phys=0x0000000007351000  start=0  size=1008 B  bits~4044
  [buffers_post] SEFI-block  phys=0x0000000007351000  start=0  size=1008 B  bits~4080
  [buffers_post] SEFI-block  phys=0x0000000007351000  start=0  size=1008 B  bits~4031
  [buffers_post] SEFI-block  phys=0x0000000007351000  start=0  size=1008 B  bits~4061
  [buffers_post] SEFI-block  phys=0x0000000007351000  start=0  size=1008 B  bits~4028
  [buffers_post] SEFI-block  phys=0x0000000007351000  start=0  size=1008 B  bits~4092
  [buffers_post] SEFI-block  phys=0x0000000007351000  start=0  size=1008 B  bits~3993
  [buffers_post] SEFI-block  phys=0x0000000007351000  start=0  size=1008 B  bits~4065
  [buffers_post] SEFI-block  phys=0x0000000007351000  start=0  size=1008 B  bits~4106
  [buffers_post] SEFI-block  phys=0x0000000007351000  start=0  size=1008 B  bits~4048
  [buffers_post] SEFI-block  phys=0x0000000007351000  start=0  size=1008 B  bits~4059
  [buffers_post] SEFI-block  phys=0x0000000007351000  start=0  size=1008 B  bits~3932
  [buffers_post] SEFI-block  phys=0x0000000007351000  start=0  size=1008 B  bits~4027
[Summary] target=buffers  baseline=6.00%  faulty=0.00%
