╔══════════════════════════════════════════════════════════╗
║   SEFI Transient — Layer-by-Layer Weight Injection        ║
║   ZCU104 | DPUCZDX8G | PyTorch ResNet50 (18-piece split)  ║
╚══════════════════════════════════════════════════════════╝

[Config] mode=transient-SEFI-row      models=./compiled
[Config] images=./train_subset          col_width=8  block_size=4096

[Dataset] 100 images

[Discover] Piece addresses:
  [00] piece_00_stem                   w_phys=0x1B8E8000  w_size=9536
  [01] piece_01_layer1_0               w_phys=0x1B8E8000  w_size=75008
  [02] piece_02_layer1_1               w_phys=0x1B900000  w_size=70400
  [03] piece_03_layer1_2               w_phys=0x1B900000  w_size=70400
  [04] piece_04_layer2_0               w_phys=0x1B980000  w_size=379392
  [05] piece_05_layer2_1               w_phys=0x1B980000  w_size=280064
  [06] piece_06_layer2_2               w_phys=0x1B900000  w_size=280064
  [07] piece_07_layer2_3               w_phys=0x1B900000  w_size=280064
  [08] piece_08_layer3_0               w_phys=0x1BA00000  w_size=1512448
  [09] piece_09_layer3_1               w_phys=0x1BA00000  w_size=1117184
  [10] piece_10_layer3_2               w_phys=0x1B900000  w_size=1117184
  [11] piece_11_layer3_3               w_phys=0x1B900000  w_size=1117184
  [12] piece_12_layer3_4               w_phys=0x1B900000  w_size=1117184
  [13] piece_13_layer3_5               w_phys=0x1B900000  w_size=1117184
  [14] piece_14_layer4_0               w_phys=0x1C100000  w_size=6039552
  [15] piece_15_layer4_1               w_phys=0x1C100000  w_size=4462592
  [16] piece_16_layer4_2               w_phys=0x1C100000  w_size=4462592
  [17] piece_17_head                   w_phys=0x1C100000  w_size=2049000
  total_conceptual=25557032 B

[Baseline] Running clean inference on 100 images ...
[Baseline] Clean accuracy: 76/100 = 76.00%

[SEFI] Starting transient-SEFI-row on target=weights ...
[row] conceptual_start=1515520 end=1523712 flips=8192
  [1/100] n01748264/n01748264_12351.JPEG                 [transient-SEFI-row]  bytes=8192  bits~33124
  [transient-SEFI-row] pieces=piece_08_layer3_0
  [1/100] n01748264/n01748264_12351.JPEG  baseline=Indian cobra, Naja naja(0.986)  top1=sea slug, nudibranch(0.507)  drop=0.479
[row] conceptual_start=21495808 end=21504000 flips=8192
  [2/100] n01748264/n01748264_12842.JPEG                 [transient-SEFI-row]  bytes=8192  bits~32813
  [transient-SEFI-row] pieces=piece_16_layer4_2
  [2/100] n01748264/n01748264_12842.JPEG  baseline=Indian cobra, Naja naja(0.868)  top1=Indian cobra, Naja naja(0.813)  drop=0.055
[row] conceptual_start=4431872 end=4440064 flips=8192
  [3/100] n01748264/n01748264_15432.JPEG                 [transient-SEFI-row]  bytes=8192  bits~32759
  [transient-SEFI-row] pieces=piece_10_layer3_2
  [3/100] n01748264/n01748264_15432.JPEG  baseline=Indian cobra, Naja naja(0.997)  top1=Indian cobra, Naja naja(0.996)  drop=0.001
[row] conceptual_start=19849216 end=19857408 flips=8192
  [4/100] n01748264/n01748264_19883.JPEG                 [transient-SEFI-row]  bytes=8192  bits~32770
  [transient-SEFI-row] pieces=piece_16_layer4_2
  [4/100] n01748264/n01748264_19883.JPEG  baseline=Indian cobra, Naja naja(0.992)  top1=Indian cobra, Naja naja(0.990)  drop=0.002
[row] conceptual_start=11960320 end=11968512 flips=8192
  [5/100] n01748264/n01748264_2196.JPEG                  [transient-SEFI-row]  bytes=8192  bits~32923
  [transient-SEFI-row] pieces=piece_14_layer4_0
  [5/100] n01748264/n01748264_2196.JPEG  baseline=Indian cobra, Naja naja(0.978)  top1=Indian cobra, Naja naja(0.862)  drop=0.115
[row] conceptual_start=23470080 end=23478272 flips=8192
  [6/100] n02093991/n02093991_2155.JPEG                  [transient-SEFI-row]  bytes=8192  bits~33082
  [transient-SEFI-row] pieces=piece_16_layer4_2
  [6/100] n02093991/n02093991_2155.JPEG  baseline=Irish terrier(0.864)  top1=Irish terrier(0.893)  drop=-0.028
[row] conceptual_start=20758528 end=20766720 flips=8192
  [7/100] n02093991/n02093991_75.JPEG                    [transient-SEFI-row]  bytes=8192  bits~32962
  [transient-SEFI-row] pieces=piece_16_layer4_2
  [7/100] n02093991/n02093991_75.JPEG  baseline=Irish terrier(0.799)  top1=Irish terrier(0.692)  drop=0.107
[row] conceptual_start=8871936 end=8880128 flips=8192
  [8/100] n02093991/n02093991_7823.JPEG                  [transient-SEFI-row]  bytes=8192  bits~32781
  [transient-SEFI-row] pieces=piece_14_layer4_0
  [8/100] n02093991/n02093991_7823.JPEG  baseline=Irish terrier(0.433)  top1=Leonberg(0.754)  drop=-0.321
[row] conceptual_start=16211968 end=16220160 flips=8192
  [9/100] n02093991/n02093991_7935.JPEG                  [transient-SEFI-row]  bytes=8192  bits~33127
  [transient-SEFI-row] pieces=piece_15_layer4_1
  [9/100] n02093991/n02093991_7935.JPEG  baseline=Irish terrier(0.905)  top1=Irish terrier(0.926)  drop=-0.021
[row] conceptual_start=9232384 end=9240576 flips=8192
  [10/100] n02093991/n02093991_8145.JPEG                  [transient-SEFI-row]  bytes=8192  bits~32585
  [transient-SEFI-row] pieces=piece_14_layer4_0
  [10/100] n02093991/n02093991_8145.JPEG  baseline=bull mastiff(0.649)  top1=bull mastiff(0.642)  drop=0.007
[row] conceptual_start=20430848 end=20439040 flips=8192
  [11/100] n02096051/n02096051_2751.JPEG                  [transient-SEFI-row]  bytes=8192  bits~32852
  [transient-SEFI-row] pieces=piece_16_layer4_2
  [11/100] n02096051/n02096051_2751.JPEG  baseline=Airedale, Airedale terrier(0.693)  top1=Airedale, Airedale terrier(0.740)  drop=-0.047
[row] conceptual_start=4603904 end=4612096 flips=8192
  [12/100] n02096051/n02096051_2946.JPEG                  [transient-SEFI-row]  bytes=8192  bits~32735
  [transient-SEFI-row] pieces=piece_10_layer3_2
  [12/100] n02096051/n02096051_2946.JPEG  baseline=Airedale, Airedale terrier(0.949)  top1=Airedale, Airedale terrier(0.934)  drop=0.015
[row] conceptual_start=2367488 end=2375680 flips=8192
  [13/100] n02096051/n02096051_495.JPEG                   [transient-SEFI-row]  bytes=8192  bits~32913
  [transient-SEFI-row] pieces=piece_08_layer3_0
  [13/100] n02096051/n02096051_495.JPEG  baseline=Airedale, Airedale terrier(0.985)  top1=Airedale, Airedale terrier(0.963)  drop=0.022
[row] conceptual_start=8339456 end=8347648 flips=8192
  [14/100] n02096051/n02096051_5436.JPEG                  [transient-SEFI-row]  bytes=8192  bits~32937
  [transient-SEFI-row] pieces=piece_13_layer3_5
  [14/100] n02096051/n02096051_5436.JPEG  baseline=Airedale, Airedale terrier(0.932)  top1=Airedale, Airedale terrier(0.626)  drop=0.305
[row] conceptual_start=24248320 end=24256512 flips=8192
  [15/100] n02096051/n02096051_668.JPEG                   [transient-SEFI-row]  bytes=8192  bits~32695
  [transient-SEFI-row] pieces=piece_17_head
  [15/100] n02096051/n02096051_668.JPEG  baseline=Airedale, Airedale terrier(0.937)  top1=Airedale, Airedale terrier(0.937)  drop=0.000
[row] conceptual_start=11141120 end=11149312 flips=8192
  [16/100] n02113186/n02113186_12291.JPEG                 [transient-SEFI-row]  bytes=8192  bits~32801
  [transient-SEFI-row] pieces=piece_14_layer4_0
  [16/100] n02113186/n02113186_12291.JPEG  baseline=toy terrier(0.346)  top1=basenji(0.297)  drop=0.048
[row] conceptual_start=2621440 end=2629632 flips=8192
  [17/100] n02113186/n02113186_13231.JPEG                 [transient-SEFI-row]  bytes=8192  bits~33020
  [transient-SEFI-row] pieces=piece_08_layer3_0
  [17/100] n02113186/n02113186_13231.JPEG  baseline=tiger cat(0.400)  top1=fountain(0.500)  drop=-0.100
[row] conceptual_start=23568384 end=23576576 flips=8192
  [18/100] n02113186/n02113186_50.JPEG                    [transient-SEFI-row]  bytes=8192  bits~32993
  [transient-SEFI-row] pieces=piece_17_head
  [18/100] n02113186/n02113186_50.JPEG  baseline=Pembroke, Pembroke Welsh corgi(0.758)  top1=Pembroke, Pembroke Welsh corgi(0.758)  drop=0.000
[row] conceptual_start=18259968 end=18268160 flips=8192
  [19/100] n02113186/n02113186_5538.JPEG                  [transient-SEFI-row]  bytes=8192  bits~33011
  [transient-SEFI-row] pieces=piece_15_layer4_1
  [19/100] n02113186/n02113186_5538.JPEG  baseline=beagle(0.454)  top1=beagle(0.456)  drop=-0.002
[row] conceptual_start=3047424 end=3055616 flips=8192
  [20/100] n02113186/n02113186_9772.JPEG                  [transient-SEFI-row]  bytes=8192  bits~33000
  [transient-SEFI-row] pieces=piece_09_layer3_1
  [20/100] n02113186/n02113186_9772.JPEG  baseline=basenji(0.601)  top1=basenji(0.601)  drop=0.000
[row] conceptual_start=12992512 end=13000704 flips=8192
  [21/100] n02114855/n02114855_1044.JPEG                  [transient-SEFI-row]  bytes=8192  bits~32735
  [transient-SEFI-row] pieces=piece_14_layer4_0
  [21/100] n02114855/n02114855_1044.JPEG  baseline=coyote, prairie wolf, brush wolf, Canis latrans(0.909)  top1=coyote, prairie wolf, brush wolf, Canis latrans(0.923)  drop=-0.014
[row] conceptual_start=2498560 end=2506752 flips=8192
  [22/100] n02114855/n02114855_1047.JPEG                  [transient-SEFI-row]  bytes=8192  bits~33014
  [transient-SEFI-row] pieces=piece_08_layer3_0
  [22/100] n02114855/n02114855_1047.JPEG  baseline=coyote, prairie wolf, brush wolf, Canis latrans(0.495)  top1=coyote, prairie wolf, brush wolf, Canis latrans(0.504)  drop=-0.009
[row] conceptual_start=20054016 end=20062208 flips=8192
  [23/100] n02114855/n02114855_18848.JPEG                 [transient-SEFI-row]  bytes=8192  bits~32941
  [transient-SEFI-row] pieces=piece_16_layer4_2
  [23/100] n02114855/n02114855_18848.JPEG  baseline=cheetah, chetah, Acinonyx jubatus(0.273)  top1=cheetah, chetah, Acinonyx jubatus(0.210)  drop=0.062
[row] conceptual_start=21872640 end=21880832 flips=8192
  [24/100] n02114855/n02114855_7204.JPEG                  [transient-SEFI-row]  bytes=8192  bits~32913
  [transient-SEFI-row] pieces=piece_16_layer4_2
  [24/100] n02114855/n02114855_7204.JPEG  baseline=coyote, prairie wolf, brush wolf, Canis latrans(0.205)  top1=coyote, prairie wolf, brush wolf, Canis latrans(0.222)  drop=-0.017
[row] conceptual_start=12353536 end=12361728 flips=8192
  [25/100] n02114855/n02114855_7265.JPEG                  [transient-SEFI-row]  bytes=8192  bits~32950
  [transient-SEFI-row] pieces=piece_14_layer4_0
  [25/100] n02114855/n02114855_7265.JPEG  baseline=coyote, prairie wolf, brush wolf, Canis latrans(0.342)  top1=coyote, prairie wolf, brush wolf, Canis latrans(0.287)  drop=0.055
[row] conceptual_start=25509888 end=25518080 flips=8192
  [26/100] n02134418/n02134418_11090.JPEG                 [transient-SEFI-row]  bytes=8192  bits~32744
  [transient-SEFI-row] pieces=piece_17_head
  [26/100] n02134418/n02134418_11090.JPEG  baseline=American black bear, black bear, Ursus americanus, Euarctos americanus(0.484)  top1=American black bear, black bear, Ursus americanus, Euarctos americanus(0.484)  drop=0.000
[row] conceptual_start=9347072 end=9355264 flips=8192
  [27/100] n02134418/n02134418_2895.JPEG                  [transient-SEFI-row]  bytes=8192  bits~32854
  [transient-SEFI-row] pieces=piece_14_layer4_0
  [27/100] n02134418/n02134418_2895.JPEG  baseline=sloth bear, Melursus ursinus, Ursus ursinus(0.936)  top1=sloth bear, Melursus ursinus, Ursus ursinus(0.937)  drop=-0.000
[row] conceptual_start=15278080 end=15286272 flips=8192
  [28/100] n02134418/n02134418_3846.JPEG                  [transient-SEFI-row]  bytes=8192  bits~32785
  [transient-SEFI-row] pieces=piece_15_layer4_1
  [28/100] n02134418/n02134418_3846.JPEG  baseline=sloth bear, Melursus ursinus, Ursus ursinus(0.938)  top1=sloth bear, Melursus ursinus, Ursus ursinus(0.856)  drop=0.082
[row] conceptual_start=2654208 end=2662400 flips=8192
  [29/100] n02134418/n02134418_4725.JPEG                  [transient-SEFI-row]  bytes=8192  bits~32907
  [transient-SEFI-row] pieces=piece_08_layer3_0
  [29/100] n02134418/n02134418_4725.JPEG  baseline=sloth bear, Melursus ursinus, Ursus ursinus(0.941)  top1=sloth bear, Melursus ursinus, Ursus ursinus(0.842)  drop=0.099
[row] conceptual_start=16424960 end=16433152 flips=8192
  [30/100] n02134418/n02134418_5777.JPEG                  [transient-SEFI-row]  bytes=8192  bits~32794
  [transient-SEFI-row] pieces=piece_15_layer4_1
  [30/100] n02134418/n02134418_5777.JPEG  baseline=fountain(0.271)  top1=fountain(0.371)  drop=-0.100
[row] conceptual_start=14639104 end=14647296 flips=8192
  [31/100] n02264363/n02264363_13680.JPEG                 [transient-SEFI-row]  bytes=8192  bits~32844
  [transient-SEFI-row] pieces=piece_15_layer4_1
  [31/100] n02264363/n02264363_13680.JPEG  baseline=bubble(0.970)  top1=bubble(0.973)  drop=-0.003
[row] conceptual_start=13869056 end=13877248 flips=8192
  [32/100] n02264363/n02264363_3092.JPEG                  [transient-SEFI-row]  bytes=8192  bits~33032
  [transient-SEFI-row] pieces=piece_14_layer4_0
  [32/100] n02264363/n02264363_3092.JPEG  baseline=lacewing, lacewing fly(0.876)  top1=lacewing, lacewing fly(0.823)  drop=0.053
[row] conceptual_start=16105472 end=16113664 flips=8192
  [33/100] n02264363/n02264363_4632.JPEG                  [transient-SEFI-row]  bytes=8192  bits~32842
  [transient-SEFI-row] pieces=piece_15_layer4_1
  [33/100] n02264363/n02264363_4632.JPEG  baseline=lacewing, lacewing fly(0.991)  top1=lacewing, lacewing fly(0.981)  drop=0.011
[row] conceptual_start=2072576 end=2080768 flips=8192
  [34/100] n02264363/n02264363_5318.JPEG                  [transient-SEFI-row]  bytes=8192  bits~32785
  [transient-SEFI-row] pieces=piece_08_layer3_0
  [34/100] n02264363/n02264363_5318.JPEG  baseline=lacewing, lacewing fly(1.000)  top1=lacewing, lacewing fly(1.000)  drop=0.000
[row] conceptual_start=11468800 end=11476992 flips=8192
  [35/100] n02264363/n02264363_9846.JPEG                  [transient-SEFI-row]  bytes=8192  bits~32833
  [transient-SEFI-row] pieces=piece_14_layer4_0
  [35/100] n02264363/n02264363_9846.JPEG  baseline=lacewing, lacewing fly(1.000)  top1=lacewing, lacewing fly(1.000)  drop=-0.000
[row] conceptual_start=24698880 end=24707072 flips=8192
  [36/100] n02699494/n02699494_12579.JPEG                 [transient-SEFI-row]  bytes=8192  bits~32937
  [transient-SEFI-row] pieces=piece_17_head
  [36/100] n02699494/n02699494_12579.JPEG  baseline=altar(0.746)  top1=altar(0.746)  drop=0.000
[row] conceptual_start=2793472 end=2801664 flips=8192
  [37/100] n02699494/n02699494_18171.JPEG                 [transient-SEFI-row]  bytes=8192  bits~32755
  [transient-SEFI-row] pieces=piece_08_layer3_0
  [37/100] n02699494/n02699494_18171.JPEG  baseline=altar(0.826)  top1=altar(0.923)  drop=-0.097
[row] conceptual_start=12541952 end=12550144 flips=8192
  [38/100] n02699494/n02699494_2349.JPEG                  [transient-SEFI-row]  bytes=8192  bits~32995
  [transient-SEFI-row] pieces=piece_14_layer4_0
  [38/100] n02699494/n02699494_2349.JPEG  baseline=altar(0.921)  top1=altar(0.905)  drop=0.016
[row] conceptual_start=7847936 end=7856128 flips=8192
  [39/100] n02699494/n02699494_4661.JPEG                  [transient-SEFI-row]  bytes=8192  bits~33033
  [transient-SEFI-row] pieces=piece_13_layer3_5
  [39/100] n02699494/n02699494_4661.JPEG  baseline=altar(0.968)  top1=altar(0.917)  drop=0.051
[row] conceptual_start=12804096 end=12812288 flips=8192
  [40/100] n02699494/n02699494_4682.JPEG                  [transient-SEFI-row]  bytes=8192  bits~32979
  [transient-SEFI-row] pieces=piece_14_layer4_0
  [40/100] n02699494/n02699494_4682.JPEG  baseline=altar(0.860)  top1=altar(0.869)  drop=-0.008
[row] conceptual_start=14893056 end=14901248 flips=8192
  [41/100] n02704792/n02704792_13304.JPEG                 [transient-SEFI-row]  bytes=8192  bits~33108
  [transient-SEFI-row] pieces=piece_15_layer4_1
  [41/100] n02704792/n02704792_13304.JPEG  baseline=amphibian, amphibious vehicle(0.971)  top1=amphibian, amphibious vehicle(0.786)  drop=0.184
[row] conceptual_start=25403392 end=25411584 flips=8192
  [42/100] n02704792/n02704792_2135.JPEG                  [transient-SEFI-row]  bytes=8192  bits~32661
  [transient-SEFI-row] pieces=piece_17_head
  [42/100] n02704792/n02704792_2135.JPEG  baseline=amphibian, amphibious vehicle(0.738)  top1=amphibian, amphibious vehicle(0.738)  drop=0.000
[row] conceptual_start=15974400 end=15982592 flips=8192
  [43/100] n02704792/n02704792_28593.JPEG                 [transient-SEFI-row]  bytes=8192  bits~32753
  [transient-SEFI-row] pieces=piece_15_layer4_1
  [43/100] n02704792/n02704792_28593.JPEG  baseline=amphibian, amphibious vehicle(0.997)  top1=amphibian, amphibious vehicle(0.997)  drop=0.000
[row] conceptual_start=16949248 end=16957440 flips=8192
  [44/100] n02704792/n02704792_4565.JPEG                  [transient-SEFI-row]  bytes=8192  bits~32974
  [transient-SEFI-row] pieces=piece_15_layer4_1
  [44/100] n02704792/n02704792_4565.JPEG  baseline=amphibian, amphibious vehicle(0.973)  top1=amphibian, amphibious vehicle(0.977)  drop=-0.004
[row] conceptual_start=696320 end=704512 flips=8192
  [45/100] n02704792/n02704792_7641.JPEG                  [transient-SEFI-row]  bytes=8192  bits~32907
  [transient-SEFI-row] pieces=piece_05_layer2_1
  [45/100] n02704792/n02704792_7641.JPEG  baseline=amphibian, amphibious vehicle(0.681)  top1=amphibian, amphibious vehicle(0.681)  drop=0.000
[row] conceptual_start=24240128 end=24248320 flips=8192
  [46/100] n02794156/n02794156_202.JPEG                   [transient-SEFI-row]  bytes=8192  bits~33042
  [transient-SEFI-row] pieces=piece_17_head
  [46/100] n02794156/n02794156_202.JPEG  baseline=barometer(0.806)  top1=barometer(0.806)  drop=0.000
[row] conceptual_start=22249472 end=22257664 flips=8192
  [47/100] n02794156/n02794156_3679.JPEG                  [transient-SEFI-row]  bytes=8192  bits~32988
  [transient-SEFI-row] pieces=piece_16_layer4_2
  [47/100] n02794156/n02794156_3679.JPEG  baseline=microwave, microwave oven(0.162)  top1=microwave, microwave oven(0.138)  drop=0.024
[row] conceptual_start=40960 end=49152 flips=8192
  [48/100] n02794156/n02794156_4688.JPEG                  [transient-SEFI-row]  bytes=8192  bits~32687
  [transient-SEFI-row] pieces=piece_01_layer1_0
  [48/100] n02794156/n02794156_4688.JPEG  baseline=barometer(0.995)  top1=barometer(0.995)  drop=0.000
[row] conceptual_start=13041664 end=13049856 flips=8192
  [49/100] n02794156/n02794156_6604.JPEG                  [transient-SEFI-row]  bytes=8192  bits~32948
  [transient-SEFI-row] pieces=piece_14_layer4_0
  [49/100] n02794156/n02794156_6604.JPEG  baseline=magnetic compass(0.727)  top1=magnetic compass(0.555)  drop=0.172
[row] conceptual_start=24928256 end=24936448 flips=8192
  [50/100] n02794156/n02794156_7565.JPEG                  [transient-SEFI-row]  bytes=8192  bits~32944
  [transient-SEFI-row] pieces=piece_17_head
  [50/100] n02794156/n02794156_7565.JPEG  baseline=barometer(0.519)  top1=barometer(0.519)  drop=0.000
[row] conceptual_start=18423808 end=18432000 flips=8192
  [51/100] n03124043/n03124043_5402.JPEG                  [transient-SEFI-row]  bytes=8192  bits~32998
  [transient-SEFI-row] pieces=piece_15_layer4_1
  [51/100] n03124043/n03124043_5402.JPEG  baseline=cowboy boot(1.000)  top1=cowboy boot(1.000)  drop=0.000
[row] conceptual_start=7192576 end=7200768 flips=8192
  [52/100] n03124043/n03124043_5856.JPEG                  [transient-SEFI-row]  bytes=8192  bits~32967
  [transient-SEFI-row] pieces=piece_12_layer3_4
  [52/100] n03124043/n03124043_5856.JPEG  baseline=cowboy boot(0.998)  top1=cowboy boot(0.969)  drop=0.029
[row] conceptual_start=21585920 end=21594112 flips=8192
  [53/100] n03124043/n03124043_6328.JPEG                  [transient-SEFI-row]  bytes=8192  bits~32939
  [transient-SEFI-row] pieces=piece_16_layer4_2
  [53/100] n03124043/n03124043_6328.JPEG  baseline=clog, geta, patten, sabot(0.648)  top1=clog, geta, patten, sabot(0.616)  drop=0.032
[row] conceptual_start=19939328 end=19947520 flips=8192
  [54/100] n03124043/n03124043_7091.JPEG                  [transient-SEFI-row]  bytes=8192  bits~32689
  [transient-SEFI-row] pieces=piece_16_layer4_2
  [54/100] n03124043/n03124043_7091.JPEG  baseline=cowboy boot(1.000)  top1=cowboy boot(1.000)  drop=0.000
[row] conceptual_start=1605632 end=1613824 flips=8192
  [55/100] n03124043/n03124043_7889.JPEG                  [transient-SEFI-row]  bytes=8192  bits~32909
  [transient-SEFI-row] pieces=piece_08_layer3_0
  [55/100] n03124043/n03124043_7889.JPEG  baseline=Loafer(0.814)  top1=Loafer(0.705)  drop=0.109
[row] conceptual_start=22577152 end=22585344 flips=8192
  [56/100] n03637318/n03637318_1066.JPEG                  [transient-SEFI-row]  bytes=8192  bits~33010
  [transient-SEFI-row] pieces=piece_16_layer4_2
  [56/100] n03637318/n03637318_1066.JPEG  baseline=lampshade, lamp shade(0.406)  top1=lampshade, lamp shade(0.411)  drop=-0.005
[row] conceptual_start=19464192 end=19472384 flips=8192
  [57/100] n03637318/n03637318_14251.JPEG                 [transient-SEFI-row]  bytes=8192  bits~32935
  [transient-SEFI-row] pieces=piece_16_layer4_2
  [57/100] n03637318/n03637318_14251.JPEG  baseline=lampshade, lamp shade(0.253)  top1=lampshade, lamp shade(0.083)  drop=0.170
[row] conceptual_start=13213696 end=13221888 flips=8192
  [58/100] n03637318/n03637318_16044.JPEG                 [transient-SEFI-row]  bytes=8192  bits~32937
  [transient-SEFI-row] pieces=piece_14_layer4_0
  [58/100] n03637318/n03637318_16044.JPEG  baseline=lampshade, lamp shade(0.851)  top1=lampshade, lamp shade(0.879)  drop=-0.028
[row] conceptual_start=19021824 end=19030016 flips=8192
  [59/100] n03637318/n03637318_6645.JPEG                  [transient-SEFI-row]  bytes=8192  bits~33001
  [transient-SEFI-row] pieces=piece_15_layer4_1
  [59/100] n03637318/n03637318_6645.JPEG  baseline=lampshade, lamp shade(0.646)  top1=lampshade, lamp shade(0.606)  drop=0.040
[row] conceptual_start=13967360 end=13975552 flips=8192
  [60/100] n03637318/n03637318_9369.JPEG                  [transient-SEFI-row]  bytes=8192  bits~33134
  [transient-SEFI-row] pieces=piece_14_layer4_0
  [60/100] n03637318/n03637318_9369.JPEG  baseline=lampshade, lamp shade(0.371)  top1=spotlight, spot(0.328)  drop=0.043
[row] conceptual_start=13107200 end=13115392 flips=8192
  [61/100] n03874293/n03874293_11031.JPEG                 [transient-SEFI-row]  bytes=8192  bits~32817
  [transient-SEFI-row] pieces=piece_14_layer4_0
  [61/100] n03874293/n03874293_11031.JPEG  baseline=paddlewheel, paddle wheel(1.000)  top1=paddlewheel, paddle wheel(1.000)  drop=-0.000
[row] conceptual_start=12697600 end=12705792 flips=8192
  [62/100] n03874293/n03874293_14179.JPEG                 [transient-SEFI-row]  bytes=8192  bits~32907
  [transient-SEFI-row] pieces=piece_14_layer4_0
  [62/100] n03874293/n03874293_14179.JPEG  baseline=paddlewheel, paddle wheel(1.000)  top1=paddlewheel, paddle wheel(1.000)  drop=0.000
[row] conceptual_start=7028736 end=7036928 flips=8192
  [63/100] n03874293/n03874293_152.JPEG                   [transient-SEFI-row]  bytes=8192  bits~32771
  [transient-SEFI-row] pieces=piece_12_layer3_4
  [63/100] n03874293/n03874293_152.JPEG  baseline=paddlewheel, paddle wheel(0.999)  top1=paddlewheel, paddle wheel(0.998)  drop=0.001
[row] conceptual_start=20217856 end=20226048 flips=8192
  [64/100] n03874293/n03874293_22199.JPEG                 [transient-SEFI-row]  bytes=8192  bits~32918
  [transient-SEFI-row] pieces=piece_16_layer4_2
  [64/100] n03874293/n03874293_22199.JPEG  baseline=paddlewheel, paddle wheel(0.993)  top1=paddlewheel, paddle wheel(0.994)  drop=-0.000
[row] conceptual_start=18767872 end=18776064 flips=8192
  [65/100] n03874293/n03874293_4256.JPEG                  [transient-SEFI-row]  bytes=8192  bits~33041
  [transient-SEFI-row] pieces=piece_15_layer4_1
  [65/100] n03874293/n03874293_4256.JPEG  baseline=paddlewheel, paddle wheel(1.000)  top1=paddlewheel, paddle wheel(1.000)  drop=0.000
[row] conceptual_start=15728640 end=15736832 flips=8192
  [66/100] n03933933/n03933933_21453.JPEG                 [transient-SEFI-row]  bytes=8192  bits~32889
  [transient-SEFI-row] pieces=piece_15_layer4_1
  [66/100] n03933933/n03933933_21453.JPEG  baseline=pier(0.878)  top1=pier(0.849)  drop=0.029
[row] conceptual_start=7553024 end=7561216 flips=8192
  [67/100] n03933933/n03933933_24591.JPEG                 [transient-SEFI-row]  bytes=8192  bits~33074
  [transient-SEFI-row] pieces=piece_13_layer3_5
  [67/100] n03933933/n03933933_24591.JPEG  baseline=pier(0.465)  top1=pier(0.593)  drop=-0.128
[row] conceptual_start=19750912 end=19759104 flips=8192
  [68/100] n03933933/n03933933_31954.JPEG                 [transient-SEFI-row]  bytes=8192  bits~32761
  [transient-SEFI-row] pieces=piece_16_layer4_2
  [68/100] n03933933/n03933933_31954.JPEG  baseline=pier(0.880)  top1=pier(0.902)  drop=-0.023
[row] conceptual_start=6258688 end=6266880 flips=8192
  [69/100] n03933933/n03933933_4981.JPEG                  [transient-SEFI-row]  bytes=8192  bits~33089
  [transient-SEFI-row] pieces=piece_11_layer3_3
  [69/100] n03933933/n03933933_4981.JPEG  baseline=steel arch bridge(0.511)  top1=steel arch bridge(0.423)  drop=0.088
[row] conceptual_start=6545408 end=6553600 flips=8192
  [70/100] n03933933/n03933933_90.JPEG                    [transient-SEFI-row]  bytes=8192  bits~33027
  [transient-SEFI-row] pieces=piece_12_layer3_4
  [70/100] n03933933/n03933933_90.JPEG  baseline=steel arch bridge(0.939)  top1=steel arch bridge(0.922)  drop=0.017
[row] conceptual_start=10600448 end=10608640 flips=8192
  [71/100] n04311004/n04311004_1647.JPEG                  [transient-SEFI-row]  bytes=8192  bits~32967
  [transient-SEFI-row] pieces=piece_14_layer4_0
  [71/100] n04311004/n04311004_1647.JPEG  baseline=steel arch bridge(0.989)  top1=steel arch bridge(0.990)  drop=-0.000
[row] conceptual_start=24879104 end=24887296 flips=8192
  [72/100] n04311004/n04311004_2766.JPEG                  [transient-SEFI-row]  bytes=8192  bits~32755
  [transient-SEFI-row] pieces=piece_17_head
  [72/100] n04311004/n04311004_2766.JPEG  baseline=steel arch bridge(0.987)  top1=steel arch bridge(0.987)  drop=0.000
[row] conceptual_start=7708672 end=7716864 flips=8192
  [73/100] n04311004/n04311004_3501.JPEG                  [transient-SEFI-row]  bytes=8192  bits~32951
  [transient-SEFI-row] pieces=piece_13_layer3_5
  [73/100] n04311004/n04311004_3501.JPEG  baseline=steel arch bridge(0.955)  top1=steel arch bridge(0.913)  drop=0.042
[row] conceptual_start=22544384 end=22552576 flips=8192
  [74/100] n04311004/n04311004_3797.JPEG                  [transient-SEFI-row]  bytes=8192  bits~32780
  [transient-SEFI-row] pieces=piece_16_layer4_2
  [74/100] n04311004/n04311004_3797.JPEG  baseline=palace(0.383)  top1=palace(0.496)  drop=-0.113
[row] conceptual_start=21176320 end=21184512 flips=8192
  [75/100] n04311004/n04311004_6632.JPEG                  [transient-SEFI-row]  bytes=8192  bits~32929
  [transient-SEFI-row] pieces=piece_16_layer4_2
  [75/100] n04311004/n04311004_6632.JPEG  baseline=steel arch bridge(0.762)  top1=steel arch bridge(0.790)  drop=-0.029
[row] conceptual_start=8790016 end=8798208 flips=8192
  [76/100] n04355933/n04355933_13231.JPEG                 [transient-SEFI-row]  bytes=8192  bits~32935
  [transient-SEFI-row] pieces=piece_14_layer4_0
  [76/100] n04355933/n04355933_13231.JPEG  baseline=hair spray(0.499)  top1=pole(0.333)  drop=0.166
[row] conceptual_start=20422656 end=20430848 flips=8192
  [77/100] n04355933/n04355933_14508.JPEG                 [transient-SEFI-row]  bytes=8192  bits~32973
  [transient-SEFI-row] pieces=piece_16_layer4_2
  [77/100] n04355933/n04355933_14508.JPEG  baseline=sunglass(0.463)  top1=sunglass(0.470)  drop=-0.007
[row] conceptual_start=16891904 end=16900096 flips=8192
  [78/100] n04355933/n04355933_1754.JPEG                  [transient-SEFI-row]  bytes=8192  bits~32822
  [transient-SEFI-row] pieces=piece_15_layer4_1
  [78/100] n04355933/n04355933_1754.JPEG  baseline=sunglass(0.576)  top1=sunglass(0.449)  drop=0.128
[row] conceptual_start=19750912 end=19759104 flips=8192
  [79/100] n04355933/n04355933_2717.JPEG                  [transient-SEFI-row]  bytes=8192  bits~33000
  [transient-SEFI-row] pieces=piece_16_layer4_2
  [79/100] n04355933/n04355933_2717.JPEG  baseline=sunglasses, dark glasses, shades(0.649)  top1=sunglasses, dark glasses, shades(0.644)  drop=0.005
[row] conceptual_start=14106624 end=14114816 flips=8192
  [80/100] n04355933/n04355933_3450.JPEG                  [transient-SEFI-row]  bytes=8192  bits~32827
  [transient-SEFI-row] pieces=piece_14_layer4_0
  [80/100] n04355933/n04355933_3450.JPEG  baseline=miniskirt, mini(0.383)  top1=miniskirt, mini(0.400)  drop=-0.017
[row] conceptual_start=16982016 end=16990208 flips=8192
  [81/100] n04370456/n04370456_3046.JPEG                  [transient-SEFI-row]  bytes=8192  bits~32998
  [transient-SEFI-row] pieces=piece_15_layer4_1
  [81/100] n04370456/n04370456_3046.JPEG  baseline=sweatshirt(0.366)  top1=stole(0.377)  drop=-0.011
[row] conceptual_start=12468224 end=12476416 flips=8192
  [82/100] n04370456/n04370456_4380.JPEG                  [transient-SEFI-row]  bytes=8192  bits~33027
  [transient-SEFI-row] pieces=piece_14_layer4_0
  [82/100] n04370456/n04370456_4380.JPEG  baseline=lab coat, laboratory coat(0.369)  top1=hoopskirt, crinoline(0.277)  drop=0.092
[row] conceptual_start=12853248 end=12861440 flips=8192
  [83/100] n04370456/n04370456_5698.JPEG                  [transient-SEFI-row]  bytes=8192  bits~32814
  [transient-SEFI-row] pieces=piece_14_layer4_0
  [83/100] n04370456/n04370456_5698.JPEG  baseline=sweatshirt(0.829)  top1=sweatshirt(0.811)  drop=0.019
[row] conceptual_start=12460032 end=12468224 flips=8192
  [84/100] n04370456/n04370456_6227.JPEG                  [transient-SEFI-row]  bytes=8192  bits~32806
  [transient-SEFI-row] pieces=piece_14_layer4_0
  [84/100] n04370456/n04370456_6227.JPEG  baseline=sweatshirt(0.832)  top1=sweatshirt(0.597)  drop=0.235
[row] conceptual_start=8790016 end=8798208 flips=8192
  [85/100] n04370456/n04370456_942.JPEG                   [transient-SEFI-row]  bytes=8192  bits~32858
  [transient-SEFI-row] pieces=piece_14_layer4_0
  [85/100] n04370456/n04370456_942.JPEG  baseline=sweatshirt(0.997)  top1=sweatshirt(0.993)  drop=0.004
[row] conceptual_start=16130048 end=16138240 flips=8192
  [86/100] n04557648/n04557648_1727.JPEG                  [transient-SEFI-row]  bytes=8192  bits~32888
  [transient-SEFI-row] pieces=piece_15_layer4_1
  [86/100] n04557648/n04557648_1727.JPEG  baseline=pop bottle, soda bottle(0.153)  top1=pop bottle, soda bottle(0.161)  drop=-0.008
[row] conceptual_start=1941504 end=1949696 flips=8192
  [87/100] n04557648/n04557648_2063.JPEG                  [transient-SEFI-row]  bytes=8192  bits~32798
  [transient-SEFI-row] pieces=piece_08_layer3_0
  [87/100] n04557648/n04557648_2063.JPEG  baseline=peacock(0.163)  top1=water bottle(0.302)  drop=-0.139
[row] conceptual_start=14155776 end=14163968 flips=8192
  [88/100] n04557648/n04557648_29432.JPEG                 [transient-SEFI-row]  bytes=8192  bits~32958
  [transient-SEFI-row] pieces=piece_14_layer4_0
  [88/100] n04557648/n04557648_29432.JPEG  baseline=washbasin, handbasin, washbowl, lavabo, wash-hand basin(0.589)  top1=washbasin, handbasin, washbowl, lavabo, wash-hand basin(0.536)  drop=0.053
[row] conceptual_start=8060928 end=8069120 flips=8192
  [89/100] n04557648/n04557648_310.JPEG                   [transient-SEFI-row]  bytes=8192  bits~32654
  [transient-SEFI-row] pieces=piece_13_layer3_5
  [89/100] n04557648/n04557648_310.JPEG  baseline=water bottle(0.455)  top1=pop bottle, soda bottle(0.450)  drop=0.005
[row] conceptual_start=6832128 end=6840320 flips=8192
  [90/100] n04557648/n04557648_8444.JPEG                  [transient-SEFI-row]  bytes=8192  bits~32680
  [transient-SEFI-row] pieces=piece_12_layer3_4
  [90/100] n04557648/n04557648_8444.JPEG  baseline=water bottle(0.366)  top1=lighter, light, igniter, ignitor(0.316)  drop=0.049
[row] conceptual_start=18915328 end=18923520 flips=8192
  [91/100] n09399592/n09399592_17820.JPEG                 [transient-SEFI-row]  bytes=8192  bits~32871
  [transient-SEFI-row] pieces=piece_15_layer4_1
  [91/100] n09399592/n09399592_17820.JPEG  baseline=promontory, headland, head, foreland(0.888)  top1=promontory, headland, head, foreland(0.884)  drop=0.004
[row] conceptual_start=10420224 end=10428416 flips=8192
  [92/100] n09399592/n09399592_57381.JPEG                 [transient-SEFI-row]  bytes=8192  bits~32771
  [transient-SEFI-row] pieces=piece_14_layer4_0
  [92/100] n09399592/n09399592_57381.JPEG  baseline=promontory, headland, head, foreland(0.864)  top1=promontory, headland, head, foreland(0.873)  drop=-0.008
[row] conceptual_start=10436608 end=10444800 flips=8192
  [93/100] n09399592/n09399592_58193.JPEG                 [transient-SEFI-row]  bytes=8192  bits~32812
  [transient-SEFI-row] pieces=piece_14_layer4_0
  [93/100] n09399592/n09399592_58193.JPEG  baseline=promontory, headland, head, foreland(0.959)  top1=promontory, headland, head, foreland(0.955)  drop=0.005
[row] conceptual_start=5849088 end=5857280 flips=8192
  [94/100] n09399592/n09399592_74394.JPEG                 [transient-SEFI-row]  bytes=8192  bits~33074
  [transient-SEFI-row] pieces=piece_11_layer3_3
  [94/100] n09399592/n09399592_74394.JPEG  baseline=promontory, headland, head, foreland(0.781)  top1=promontory, headland, head, foreland(0.757)  drop=0.025
[row] conceptual_start=1548288 end=1556480 flips=8192
  [95/100] n09399592/n09399592_87777.JPEG                 [transient-SEFI-row]  bytes=8192  bits~32940
  [transient-SEFI-row] pieces=piece_08_layer3_0
  [95/100] n09399592/n09399592_87777.JPEG  baseline=promontory, headland, head, foreland(0.534)  top1=fountain(0.180)  drop=0.354
[row] conceptual_start=9814016 end=9822208 flips=8192
  [96/100] n12985857/n12985857_10703.JPEG                 [transient-SEFI-row]  bytes=8192  bits~32606
  [transient-SEFI-row] pieces=piece_14_layer4_0
  [96/100] n12985857/n12985857_10703.JPEG  baseline=coral fungus(0.946)  top1=coral fungus(0.945)  drop=0.002
[row] conceptual_start=18079744 end=18087936 flips=8192
  [97/100] n12985857/n12985857_1312.JPEG                  [transient-SEFI-row]  bytes=8192  bits~32997
  [transient-SEFI-row] pieces=piece_15_layer4_1
  [97/100] n12985857/n12985857_1312.JPEG  baseline=coral fungus(1.000)  top1=coral fungus(1.000)  drop=-0.000
[row] conceptual_start=23068672 end=23076864 flips=8192
  [98/100] n12985857/n12985857_6677.JPEG                  [transient-SEFI-row]  bytes=8192  bits~32833
  [transient-SEFI-row] pieces=piece_16_layer4_2
  [98/100] n12985857/n12985857_6677.JPEG  baseline=coral fungus(0.412)  top1=coral fungus(0.392)  drop=0.020
[row] conceptual_start=9748480 end=9756672 flips=8192
  [99/100] n12985857/n12985857_7042.JPEG                  [transient-SEFI-row]  bytes=8192  bits~32810
  [transient-SEFI-row] pieces=piece_14_layer4_0
  [99/100] n12985857/n12985857_7042.JPEG  baseline=coral fungus(0.461)  top1=coral fungus(0.492)  drop=-0.031
[row] conceptual_start=24043520 end=24051712 flips=8192
  [100/100] n12985857/n12985857_7767.JPEG                  [transient-SEFI-row]  bytes=8192  bits~33187
  [transient-SEFI-row] pieces=piece_17_head
  [100/100] n12985857/n12985857_7767.JPEG  baseline=coral fungus(0.987)  top1=coral fungus(0.987)  drop=0.000

[Summary] target=weights         baseline=76.00%  faulty=70.00%
