[Setup] Input  data_fixed  size=150528 h=224 w=224
[Setup] Output fc1000_fixed  size=1000
[DDR4] Instructions: reg_val=0x1BD00  phys=0x000000001BD00000  size=742492 B
[DDR4] Weights:      phys=0x000000001BE00000  size=25726976 B
[DDR4] Input tensor: phys=0x000000001BA80000  total=152608 B  pixel_start=+2080 B
[Snapshot] Weight backup taken: 25726976 B @ 0x000000001BE00000
[Baseline] Accuracy: 75/100 = 75.00%

──── target=weights ────
  [transient-SEFI-blk] SEFI-block  phys=0x000000001CC44AA3  start=14961315  size=4096 B  bits~16446
  [transient-SEFI-blk] SEFI-block  phys=0x000000001CE0D90C  start=16832780  size=4096 B  bits~16308
  [transient-SEFI-blk] SEFI-block  phys=0x000000001BFF2271  start=2040433  size=4096 B  bits~16404
  [transient-SEFI-blk] SEFI-block  phys=0x000000001D26DCAF  start=21421231  size=4096 B  bits~16585
  [transient-SEFI-blk] SEFI-block  phys=0x000000001C083CE0  start=2637024  size=4096 B  bits~16410
  [transient-SEFI-blk] SEFI-block  phys=0x000000001D54493A  start=24398138  size=4096 B  bits~16458
  [transient-SEFI-blk] SEFI-block  phys=0x000000001C283B38  start=4733752  size=4096 B  bits~16399
  [transient-SEFI-blk] SEFI-block  phys=0x000000001D1EB4DD  start=20886749  size=4096 B  bits~16449
  [transient-SEFI-blk] SEFI-block  phys=0x000000001D30CADD  start=22072029  size=4096 B  bits~16548
  [transient-SEFI-blk] SEFI-block  phys=0x000000001C03E4F5  start=2352373  size=4096 B  bits~16398
  [transient-SEFI-blk] SEFI-block  phys=0x000000001D42B599  start=23246233  size=4096 B  bits~16403
  [transient-SEFI-blk] SEFI-block  phys=0x000000001BFF55E4  start=2053604  size=4096 B  bits~16382
  [transient-SEFI-blk] SEFI-block  phys=0x000000001C2D5333  start=5067571  size=4096 B  bits~16324
  [transient-SEFI-blk] SEFI-block  phys=0x000000001D0E32A0  start=19804832  size=4096 B  bits~16396
  [transient-SEFI-blk] SEFI-block  phys=0x000000001CE14D58  start=16862552  size=4096 B  bits~16573
  [transient-SEFI-blk] SEFI-block  phys=0x000000001C1A58BB  start=3823803  size=4096 B  bits~16281
  [transient-SEFI-blk] SEFI-block  phys=0x000000001C8C284A  start=11282506  size=4096 B  bits~16547
  [transient-SEFI-blk] SEFI-block  phys=0x000000001C28A9BD  start=4762045  size=4096 B  bits~16375
  [transient-SEFI-blk] SEFI-block  phys=0x000000001C0EAD68  start=3059048  size=4096 B  bits~16387
  [transient-SEFI-blk] SEFI-block  phys=0x000000001C59FC85  start=7994501  size=4096 B  bits~16485
  [transient-SEFI-blk] SEFI-block  phys=0x000000001D3EEFA1  start=22998945  size=4096 B  bits~16649
  [transient-SEFI-blk] SEFI-block  phys=0x000000001BF5468B  start=1394315  size=4096 B  bits~16224
  [transient-SEFI-blk] SEFI-block  phys=0x000000001CA06B89  start=12610441  size=4096 B  bits~16434
  [transient-SEFI-blk] SEFI-block  phys=0x000000001D214DF9  start=21057017  size=4096 B  bits~16335
  [transient-SEFI-blk] SEFI-block  phys=0x000000001C4FD386  start=7328646  size=4096 B  bits~16479
  [transient-SEFI-blk] SEFI-block  phys=0x000000001BF7843D  start=1541181  size=4096 B  bits~16426
  [transient-SEFI-blk] SEFI-block  phys=0x000000001C4FF845  start=7338053  size=4096 B  bits~16337
  [transient-SEFI-blk] SEFI-block  phys=0x000000001D0D5E11  start=19750417  size=4096 B  bits~16353
  [transient-SEFI-blk] SEFI-block  phys=0x000000001D550C09  start=24448009  size=4096 B  bits~16470
  [transient-SEFI-blk] SEFI-block  phys=0x000000001C0D8AFC  start=2984700  size=4096 B  bits~16415
  [transient-SEFI-blk] SEFI-block  phys=0x000000001C120098  start=3276952  size=4096 B  bits~16321
  [transient-SEFI-blk] SEFI-block  phys=0x000000001CB1DEE4  start=13754084  size=4096 B  bits~16407
  [transient-SEFI-blk] SEFI-block  phys=0x000000001C902324  start=11543332  size=4096 B  bits~16376
  [transient-SEFI-blk] SEFI-block  phys=0x000000001C377F36  start=5734198  size=4096 B  bits~16404
  [transient-SEFI-blk] SEFI-block  phys=0x000000001BE6962A  start=431658  size=4096 B  bits~16387
  [transient-SEFI-blk] SEFI-block  phys=0x000000001BF70EF7  start=1511159  size=4096 B  bits~16357
  [transient-SEFI-blk] SEFI-block  phys=0x000000001BE71676  start=464502  size=4096 B  bits~16541
  [transient-SEFI-blk] SEFI-block  phys=0x000000001D12C572  start=20104562  size=4096 B  bits~16473
  [transient-SEFI-blk] SEFI-block  phys=0x000000001C3775C7  start=5731783  size=4096 B  bits~16501
  [transient-SEFI-blk] SEFI-block  phys=0x000000001C026A95  start=2255509  size=4096 B  bits~16496
  [transient-SEFI-blk] SEFI-block  phys=0x000000001C2D17C4  start=5052356  size=4096 B  bits~16502
  [transient-SEFI-blk] SEFI-block  phys=0x000000001CBF353A  start=14628154  size=4096 B  bits~16502
  [transient-SEFI-blk] SEFI-block  phys=0x000000001C72606D  start=9592941  size=4096 B  bits~16568
  [transient-SEFI-blk] SEFI-block  phys=0x000000001C3A07C5  start=5900229  size=4096 B  bits~16532
  [transient-SEFI-blk] SEFI-block  phys=0x000000001C3BE7E3  start=6023139  size=4096 B  bits~16504
  [transient-SEFI-blk] SEFI-block  phys=0x000000001C9D08E3  start=12388579  size=4096 B  bits~16377
  [transient-SEFI-blk] SEFI-block  phys=0x000000001C94D69C  start=11851420  size=4096 B  bits~16585
  [transient-SEFI-blk] SEFI-block  phys=0x000000001D3FB195  start=23048597  size=4096 B  bits~16511
  [transient-SEFI-blk] SEFI-block  phys=0x000000001BF369E6  start=1272294  size=4096 B  bits~16497
  [transient-SEFI-blk] SEFI-block  phys=0x000000001BFF02B0  start=2032304  size=4096 B  bits~16518
  [transient-SEFI-blk] SEFI-block  phys=0x000000001D53CB6D  start=24365933  size=4096 B  bits~16438
  [transient-SEFI-blk] SEFI-block  phys=0x000000001CE2850C  start=16942348  size=4096 B  bits~16347
  [transient-SEFI-blk] SEFI-block  phys=0x000000001C55CD35  start=7720245  size=4096 B  bits~16424
  [transient-SEFI-blk] SEFI-block  phys=0x000000001BF1DDB5  start=1170869  size=4096 B  bits~16451
  [transient-SEFI-blk] SEFI-block  phys=0x000000001D0CB1EB  start=19706347  size=4096 B  bits~16458
  [transient-SEFI-blk] SEFI-block  phys=0x000000001BF9E5F1  start=1697265  size=4096 B  bits~16568
  [transient-SEFI-blk] SEFI-block  phys=0x000000001C4B21AC  start=7020972  size=4096 B  bits~16417
  [transient-SEFI-blk] SEFI-block  phys=0x000000001D31375A  start=22099802  size=4096 B  bits~16428
  [transient-SEFI-blk] SEFI-block  phys=0x000000001BFF8E05  start=2067973  size=4096 B  bits~16387
  [transient-SEFI-blk] SEFI-block  phys=0x000000001BE5EEA6  start=388774  size=4096 B  bits~16628
  [transient-SEFI-blk] SEFI-block  phys=0x000000001D1F2868  start=20916328  size=4096 B  bits~16339
  [transient-SEFI-blk] SEFI-block  phys=0x000000001C779B53  start=9935699  size=4096 B  bits~16493
  [transient-SEFI-blk] SEFI-block  phys=0x000000001C4E5DC2  start=7232962  size=4096 B  bits~16338
  [transient-SEFI-blk] SEFI-block  phys=0x000000001C92A4C0  start=11707584  size=4096 B  bits~16516
  [transient-SEFI-blk] SEFI-block  phys=0x000000001CDEFE4B  start=16711243  size=4096 B  bits~16374
  [transient-SEFI-blk] SEFI-block  phys=0x000000001C2450BC  start=4477116  size=4096 B  bits~16321
  [transient-SEFI-blk] SEFI-block  phys=0x000000001CF98929  start=18450729  size=4096 B  bits~16522
  [transient-SEFI-blk] SEFI-block  phys=0x000000001CA5D796  start=12965782  size=4096 B  bits~16527
  [transient-SEFI-blk] SEFI-block  phys=0x000000001BE2A750  start=173904  size=4096 B  bits~16368
  [transient-SEFI-blk] SEFI-block  phys=0x000000001C1E5D21  start=4087073  size=4096 B  bits~16424
  [transient-SEFI-blk] SEFI-block  phys=0x000000001C650A4C  start=8718924  size=4096 B  bits~16529
  [transient-SEFI-blk] SEFI-block  phys=0x000000001C8F02DC  start=11469532  size=4096 B  bits~16454
  [transient-SEFI-blk] SEFI-block  phys=0x000000001C0F2FE7  start=3092455  size=4096 B  bits~16257
  [transient-SEFI-blk] SEFI-block  phys=0x000000001CA4E10A  start=12902666  size=4096 B  bits~16359
  [transient-SEFI-blk] SEFI-block  phys=0x000000001D2E909A  start=21926042  size=4096 B  bits~16539
  [transient-SEFI-blk] SEFI-block  phys=0x000000001C23B5A1  start=4437409  size=4096 B  bits~16443
  [transient-SEFI-blk] SEFI-block  phys=0x000000001CDBF5BA  start=16512442  size=4096 B  bits~16545
  [transient-SEFI-blk] SEFI-block  phys=0x000000001C2B206E  start=4923502  size=4096 B  bits~16511
  [transient-SEFI-blk] SEFI-block  phys=0x000000001D227737  start=21133111  size=4096 B  bits~16339
  [transient-SEFI-blk] SEFI-block  phys=0x000000001C20FC45  start=4258885  size=4096 B  bits~16415
  [transient-SEFI-blk] SEFI-block  phys=0x000000001BE35B43  start=219971  size=4096 B  bits~16380
  [transient-SEFI-blk] SEFI-block  phys=0x000000001C407EC5  start=6323909  size=4096 B  bits~16444
  [transient-SEFI-blk] SEFI-block  phys=0x000000001D012326  start=18948902  size=4096 B  bits~16455
  [transient-SEFI-blk] SEFI-block  phys=0x000000001CBE988A  start=14588042  size=4096 B  bits~16540
  [transient-SEFI-blk] SEFI-block  phys=0x000000001CF996F2  start=18454258  size=4096 B  bits~16628
  [transient-SEFI-blk] SEFI-block  phys=0x000000001C56F2DF  start=7795423  size=4096 B  bits~16421
  [transient-SEFI-blk] SEFI-block  phys=0x000000001C0DD984  start=3004804  size=4096 B  bits~16395
  [transient-SEFI-blk] SEFI-block  phys=0x000000001C8B8159  start=11239769  size=4096 B  bits~16417
  [transient-SEFI-blk] SEFI-block  phys=0x000000001CCBA696  start=15443606  size=4096 B  bits~16597
  [transient-SEFI-blk] SEFI-block  phys=0x000000001C3272A9  start=5403305  size=4096 B  bits~16403
  [transient-SEFI-blk] SEFI-block  phys=0x000000001D3B451F  start=22758687  size=4096 B  bits~16288
  [transient-SEFI-blk] SEFI-block  phys=0x000000001C0C253D  start=2893117  size=4096 B  bits~16460
  [transient-SEFI-blk] SEFI-block  phys=0x000000001C96E436  start=11985974  size=4096 B  bits~16578
  [transient-SEFI-blk] SEFI-block  phys=0x000000001BFA8251  start=1737297  size=4096 B  bits~16340
  [transient-SEFI-blk] SEFI-block  phys=0x000000001C95870F  start=11896591  size=4096 B  bits~16411
  [transient-SEFI-blk] SEFI-block  phys=0x000000001D51C8A6  start=24234150  size=4096 B  bits~16434
  [transient-SEFI-blk] SEFI-block  phys=0x000000001D43434E  start=23282510  size=4096 B  bits~16565
  [transient-SEFI-blk] SEFI-block  phys=0x000000001C2AD6C5  start=4904645  size=4096 B  bits~16509
  [transient-SEFI-blk] SEFI-block  phys=0x000000001BE6FBCF  start=457679  size=4096 B  bits~16454
  [transient-SEFI-blk] SEFI-block  phys=0x000000001CE73976  start=17250678  size=4096 B  bits~16397
[Summary] target=weights  baseline=75.00%  faulty=74.00%

──── target=input_tensor ────
[Summary] target=input_tensor  baseline=75.00%  faulty=70.00%

──── target=buffers ────
  [buffers_post] SEFI-block  phys=0x0000000007121000  start=0  size=1008 B  bits~4022
  [buffers_post] SEFI-block  phys=0x0000000007121000  start=0  size=1008 B  bits~3988
  [buffers_post] SEFI-block  phys=0x0000000007121000  start=0  size=1008 B  bits~4003
  [buffers_post] SEFI-block  phys=0x0000000007121000  start=0  size=1008 B  bits~4073
  [buffers_post] SEFI-block  phys=0x0000000007121000  start=0  size=1008 B  bits~3979
  [buffers_post] SEFI-block  phys=0x0000000007121000  start=0  size=1008 B  bits~4021
  [buffers_post] SEFI-block  phys=0x0000000007121000  start=0  size=1008 B  bits~4053
  [buffers_post] SEFI-block  phys=0x0000000007121000  start=0  size=1008 B  bits~3970
  [buffers_post] SEFI-block  phys=0x0000000007121000  start=0  size=1008 B  bits~4061
  [buffers_post] SEFI-block  phys=0x0000000007121000  start=0  size=1008 B  bits~4086
  [buffers_post] SEFI-block  phys=0x0000000007121000  start=0  size=1008 B  bits~4037
  [buffers_post] SEFI-block  phys=0x0000000007121000  start=0  size=1008 B  bits~4128
  [buffers_post] SEFI-block  phys=0x0000000007121000  start=0  size=1008 B  bits~4052
  [buffers_post] SEFI-block  phys=0x0000000007121000  start=0  size=1008 B  bits~3984
  [buffers_post] SEFI-block  phys=0x0000000007121000  start=0  size=1008 B  bits~4079
  [buffers_post] SEFI-block  phys=0x0000000007121000  start=0  size=1008 B  bits~4020
  [buffers_post] SEFI-block  phys=0x0000000007121000  start=0  size=1008 B  bits~4060
  [buffers_post] SEFI-block  phys=0x0000000007121000  start=0  size=1008 B  bits~4010
  [buffers_post] SEFI-block  phys=0x0000000007121000  start=0  size=1008 B  bits~4012
  [buffers_post] SEFI-block  phys=0x0000000007121000  start=0  size=1008 B  bits~4023
  [buffers_post] SEFI-block  phys=0x0000000007121000  start=0  size=1008 B  bits~4001
  [buffers_post] SEFI-block  phys=0x0000000007121000  start=0  size=1008 B  bits~4081
  [buffers_post] SEFI-block  phys=0x0000000007121000  start=0  size=1008 B  bits~4105
  [buffers_post] SEFI-block  phys=0x0000000007121000  start=0  size=1008 B  bits~4125
  [buffers_post] SEFI-block  phys=0x0000000007121000  start=0  size=1008 B  bits~3994
  [buffers_post] SEFI-block  phys=0x0000000007121000  start=0  size=1008 B  bits~4022
  [buffers_post] SEFI-block  phys=0x0000000007121000  start=0  size=1008 B  bits~4080
  [buffers_post] SEFI-block  phys=0x0000000007121000  start=0  size=1008 B  bits~4034
  [buffers_post] SEFI-block  phys=0x0000000007121000  start=0  size=1008 B  bits~4069
  [buffers_post] SEFI-block  phys=0x0000000007121000  start=0  size=1008 B  bits~4069
  [buffers_post] SEFI-block  phys=0x0000000007121000  start=0  size=1008 B  bits~4053
  [buffers_post] SEFI-block  phys=0x0000000007121000  start=0  size=1008 B  bits~3960
  [buffers_post] SEFI-block  phys=0x0000000007121000  start=0  size=1008 B  bits~4085
  [buffers_post] SEFI-block  phys=0x0000000007121000  start=0  size=1008 B  bits~4055
  [buffers_post] SEFI-block  phys=0x0000000007121000  start=0  size=1008 B  bits~4082
  [buffers_post] SEFI-block  phys=0x0000000007121000  start=0  size=1008 B  bits~4023
  [buffers_post] SEFI-block  phys=0x0000000007121000  start=0  size=1008 B  bits~4095
  [buffers_post] SEFI-block  phys=0x0000000007121000  start=0  size=1008 B  bits~3983
  [buffers_post] SEFI-block  phys=0x0000000007121000  start=0  size=1008 B  bits~4028
  [buffers_post] SEFI-block  phys=0x0000000007121000  start=0  size=1008 B  bits~4106
  [buffers_post] SEFI-block  phys=0x0000000007121000  start=0  size=1008 B  bits~4016
  [buffers_post] SEFI-block  phys=0x0000000007121000  start=0  size=1008 B  bits~4035
  [buffers_post] SEFI-block  phys=0x0000000007121000  start=0  size=1008 B  bits~4136
  [buffers_post] SEFI-block  phys=0x0000000007121000  start=0  size=1008 B  bits~4025
  [buffers_post] SEFI-block  phys=0x0000000007121000  start=0  size=1008 B  bits~4057
  [buffers_post] SEFI-block  phys=0x0000000007121000  start=0  size=1008 B  bits~4014
  [buffers_post] SEFI-block  phys=0x0000000007121000  start=0  size=1008 B  bits~3987
  [buffers_post] SEFI-block  phys=0x0000000007121000  start=0  size=1008 B  bits~4117
  [buffers_post] SEFI-block  phys=0x0000000007121000  start=0  size=1008 B  bits~4028
  [buffers_post] SEFI-block  phys=0x0000000007121000  start=0  size=1008 B  bits~4005
  [buffers_post] SEFI-block  phys=0x0000000007121000  start=0  size=1008 B  bits~4081
  [buffers_post] SEFI-block  phys=0x0000000007121000  start=0  size=1008 B  bits~4005
  [buffers_post] SEFI-block  phys=0x0000000007121000  start=0  size=1008 B  bits~4032
  [buffers_post] SEFI-block  phys=0x0000000007121000  start=0  size=1008 B  bits~4052
  [buffers_post] SEFI-block  phys=0x0000000007121000  start=0  size=1008 B  bits~4050
  [buffers_post] SEFI-block  phys=0x0000000007121000  start=0  size=1008 B  bits~4077
  [buffers_post] SEFI-block  phys=0x0000000007121000  start=0  size=1008 B  bits~4078
  [buffers_post] SEFI-block  phys=0x0000000007121000  start=0  size=1008 B  bits~4033
  [buffers_post] SEFI-block  phys=0x0000000007121000  start=0  size=1008 B  bits~4011
  [buffers_post] SEFI-block  phys=0x0000000007121000  start=0  size=1008 B  bits~4076
  [buffers_post] SEFI-block  phys=0x0000000007121000  start=0  size=1008 B  bits~4036
  [buffers_post] SEFI-block  phys=0x0000000007121000  start=0  size=1008 B  bits~3993
  [buffers_post] SEFI-block  phys=0x0000000007121000  start=0  size=1008 B  bits~4111
  [buffers_post] SEFI-block  phys=0x0000000007121000  start=0  size=1008 B  bits~4073
  [buffers_post] SEFI-block  phys=0x0000000007121000  start=0  size=1008 B  bits~4130
  [buffers_post] SEFI-block  phys=0x0000000007121000  start=0  size=1008 B  bits~4043
  [buffers_post] SEFI-block  phys=0x0000000007121000  start=0  size=1008 B  bits~4029
  [buffers_post] SEFI-block  phys=0x0000000007121000  start=0  size=1008 B  bits~4087
  [buffers_post] SEFI-block  phys=0x0000000007121000  start=0  size=1008 B  bits~4046
  [buffers_post] SEFI-block  phys=0x0000000007121000  start=0  size=1008 B  bits~4083
  [buffers_post] SEFI-block  phys=0x0000000007121000  start=0  size=1008 B  bits~4107
  [buffers_post] SEFI-block  phys=0x0000000007121000  start=0  size=1008 B  bits~4004
  [buffers_post] SEFI-block  phys=0x0000000007121000  start=0  size=1008 B  bits~3981
  [buffers_post] SEFI-block  phys=0x0000000007121000  start=0  size=1008 B  bits~4036
  [buffers_post] SEFI-block  phys=0x0000000007121000  start=0  size=1008 B  bits~4055
  [buffers_post] SEFI-block  phys=0x0000000007121000  start=0  size=1008 B  bits~3980
  [buffers_post] SEFI-block  phys=0x0000000007121000  start=0  size=1008 B  bits~4057
  [buffers_post] SEFI-block  phys=0x0000000007121000  start=0  size=1008 B  bits~4038
  [buffers_post] SEFI-block  phys=0x0000000007121000  start=0  size=1008 B  bits~4014
  [buffers_post] SEFI-block  phys=0x0000000007121000  start=0  size=1008 B  bits~3934
  [buffers_post] SEFI-block  phys=0x0000000007121000  start=0  size=1008 B  bits~4033
  [buffers_post] SEFI-block  phys=0x0000000007121000  start=0  size=1008 B  bits~4037
  [buffers_post] SEFI-block  phys=0x0000000007121000  start=0  size=1008 B  bits~3966
  [buffers_post] SEFI-block  phys=0x0000000007121000  start=0  size=1008 B  bits~3978
  [buffers_post] SEFI-block  phys=0x0000000007121000  start=0  size=1008 B  bits~4079
  [buffers_post] SEFI-block  phys=0x0000000007121000  start=0  size=1008 B  bits~4056
  [buffers_post] SEFI-block  phys=0x0000000007121000  start=0  size=1008 B  bits~4101
  [buffers_post] SEFI-block  phys=0x0000000007121000  start=0  size=1008 B  bits~3996
  [buffers_post] SEFI-block  phys=0x0000000007121000  start=0  size=1008 B  bits~4055
  [buffers_post] SEFI-block  phys=0x0000000007121000  start=0  size=1008 B  bits~4074
  [buffers_post] SEFI-block  phys=0x0000000007121000  start=0  size=1008 B  bits~4019
  [buffers_post] SEFI-block  phys=0x0000000007121000  start=0  size=1008 B  bits~4161
  [buffers_post] SEFI-block  phys=0x0000000007121000  start=0  size=1008 B  bits~4072
  [buffers_post] SEFI-block  phys=0x0000000007121000  start=0  size=1008 B  bits~4021
  [buffers_post] SEFI-block  phys=0x0000000007121000  start=0  size=1008 B  bits~4077
  [buffers_post] SEFI-block  phys=0x0000000007121000  start=0  size=1008 B  bits~3929
  [buffers_post] SEFI-block  phys=0x0000000007121000  start=0  size=1008 B  bits~4004
  [buffers_post] SEFI-block  phys=0x0000000007121000  start=0  size=1008 B  bits~4153
  [buffers_post] SEFI-block  phys=0x0000000007121000  start=0  size=1008 B  bits~4037
  [buffers_post] SEFI-block  phys=0x0000000007121000  start=0  size=1008 B  bits~4059
[Summary] target=buffers  baseline=75.00%  faulty=0.00%
