[Setup] Input  ResNet__input_0_fix  size=150528 h=224 w=224
[Setup] Output ResNet__ResNet_Linear_fc__8290_fix  size=1000
[DDR4] Instructions: reg_val=0x1B900  phys=0x000000001B900000  size=742492 B
[DDR4] Weights:      phys=0x000000001C100000  size=25726976 B
[DDR4] Input tensor: phys=0x000000001B9C0000  total=152608 B  pixel_start=+2080 B
[Snapshot] Weight backup taken: 25726976 B @ 0x000000001C100000
[Baseline] Accuracy: 6/100 = 6.00%

──── target=weights ────
  [transient-SEFI-blk] SEFI-block  phys=0x000000001D8CE86D  start=24963181  size=4096 B  bits~16313
  [transient-SEFI-blk] SEFI-block  phys=0x000000001C841FE3  start=7610339  size=4096 B  bits~16488
  [transient-SEFI-blk] SEFI-block  phys=0x000000001CE2D9B5  start=13818293  size=4096 B  bits~16381
  [transient-SEFI-blk] SEFI-block  phys=0x000000001D6B6F4D  start=22769485  size=4096 B  bits~16319
  [transient-SEFI-blk] SEFI-block  phys=0x000000001CDA4F47  start=13258567  size=4096 B  bits~16268
  [transient-SEFI-blk] SEFI-block  phys=0x000000001CBA3F57  start=11157335  size=4096 B  bits~16251
  [transient-SEFI-blk] SEFI-block  phys=0x000000001CA429DC  start=9710044  size=4096 B  bits~16593
  [transient-SEFI-blk] SEFI-block  phys=0x000000001CE2E16F  start=13820271  size=4096 B  bits~16410
  [transient-SEFI-blk] SEFI-block  phys=0x000000001CE8EB77  start=14216055  size=4096 B  bits~16421
  [transient-SEFI-blk] SEFI-block  phys=0x000000001C9D01C7  start=9241031  size=4096 B  bits~16436
  [transient-SEFI-blk] SEFI-block  phys=0x000000001CB6B1F6  start=10924534  size=4096 B  bits~16365
  [transient-SEFI-blk] SEFI-block  phys=0x000000001D8478F4  start=24410356  size=4096 B  bits~16347
  [transient-SEFI-blk] SEFI-block  phys=0x000000001CBDC92D  start=11389229  size=4096 B  bits~16376
  [transient-SEFI-blk] SEFI-block  phys=0x000000001D91C227  start=25281063  size=4096 B  bits~16445
  [transient-SEFI-blk] SEFI-block  phys=0x000000001D0B5D2C  start=16473388  size=4096 B  bits~16287
  [transient-SEFI-blk] SEFI-block  phys=0x000000001D77EC4D  start=23587917  size=4096 B  bits~16252
  [transient-SEFI-blk] SEFI-block  phys=0x000000001D6B165E  start=22746718  size=4096 B  bits~16365
  [transient-SEFI-blk] SEFI-block  phys=0x000000001C58D1DB  start=4772315  size=4096 B  bits~16379
  [transient-SEFI-blk] SEFI-block  phys=0x000000001D9429D0  start=25438672  size=4096 B  bits~16612
  [transient-SEFI-blk] SEFI-block  phys=0x000000001C5C5C2D  start=5004333  size=4096 B  bits~16445
  [transient-SEFI-blk] SEFI-block  phys=0x000000001D307C55  start=18906197  size=4096 B  bits~16459
  [transient-SEFI-blk] SEFI-block  phys=0x000000001D95DCAA  start=25549994  size=4096 B  bits~16428
  [transient-SEFI-blk] SEFI-block  phys=0x000000001C2C34AA  start=1848490  size=4096 B  bits~16381
  [transient-SEFI-blk] SEFI-block  phys=0x000000001C50BCFD  start=4242685  size=4096 B  bits~16402
  [transient-SEFI-blk] SEFI-block  phys=0x000000001C6BF22B  start=6025771  size=4096 B  bits~16630
  [transient-SEFI-blk] SEFI-block  phys=0x000000001CCBBC5E  start=12303454  size=4096 B  bits~16348
  [transient-SEFI-blk] SEFI-block  phys=0x000000001C497B9D  start=3767197  size=4096 B  bits~16511
  [transient-SEFI-blk] SEFI-block  phys=0x000000001CFDD70F  start=15587087  size=4096 B  bits~16490
  [transient-SEFI-blk] SEFI-block  phys=0x000000001CD65396  start=12997526  size=4096 B  bits~16382
  [transient-SEFI-blk] SEFI-block  phys=0x000000001D364711  start=19285777  size=4096 B  bits~16448
  [transient-SEFI-blk] SEFI-block  phys=0x000000001C493852  start=3749970  size=4096 B  bits~16300
  [transient-SEFI-blk] SEFI-block  phys=0x000000001C2415A5  start=1316261  size=4096 B  bits~16467
  [transient-SEFI-blk] SEFI-block  phys=0x000000001D298866  start=18450534  size=4096 B  bits~16448
  [transient-SEFI-blk] SEFI-block  phys=0x000000001C1F3FDE  start=999390  size=4096 B  bits~16524
  [transient-SEFI-blk] SEFI-block  phys=0x000000001CDF270F  start=13575951  size=4096 B  bits~16664
  [transient-SEFI-blk] SEFI-block  phys=0x000000001C8E6A18  start=8284696  size=4096 B  bits~16441
  [transient-SEFI-blk] SEFI-block  phys=0x000000001D497F08  start=20545288  size=4096 B  bits~16523
  [transient-SEFI-blk] SEFI-block  phys=0x000000001CFEE85C  start=15657052  size=4096 B  bits~16604
  [transient-SEFI-blk] SEFI-block  phys=0x000000001CD0109B  start=12587163  size=4096 B  bits~16678
  [transient-SEFI-blk] SEFI-block  phys=0x000000001D4A98BE  start=20617406  size=4096 B  bits~16292
  [transient-SEFI-blk] SEFI-block  phys=0x000000001C8CDF5A  start=8183642  size=4096 B  bits~16472
  [transient-SEFI-blk] SEFI-block  phys=0x000000001CD4675E  start=12871518  size=4096 B  bits~16469
  [transient-SEFI-blk] SEFI-block  phys=0x000000001D41A8C7  start=20031687  size=4096 B  bits~16434
  [transient-SEFI-blk] SEFI-block  phys=0x000000001D165075  start=17191029  size=4096 B  bits~16352
  [transient-SEFI-blk] SEFI-block  phys=0x000000001CFC48C6  start=15485126  size=4096 B  bits~16366
  [transient-SEFI-blk] SEFI-block  phys=0x000000001CDC9F60  start=13410144  size=4096 B  bits~16372
  [transient-SEFI-blk] SEFI-block  phys=0x000000001D6BC855  start=22792277  size=4096 B  bits~16341
  [transient-SEFI-blk] SEFI-block  phys=0x000000001C65CFC9  start=5623753  size=4096 B  bits~16413
  [transient-SEFI-blk] SEFI-block  phys=0x000000001D767D1B  start=23493915  size=4096 B  bits~16429
  [transient-SEFI-blk] SEFI-block  phys=0x000000001CD27B25  start=12745509  size=4096 B  bits~16411
  [transient-SEFI-blk] SEFI-block  phys=0x000000001D222160  start=17965408  size=4096 B  bits~16427
  [transient-SEFI-blk] SEFI-block  phys=0x000000001C283F91  start=1589137  size=4096 B  bits~16465
  [transient-SEFI-blk] SEFI-block  phys=0x000000001CDAD1A1  start=13291937  size=4096 B  bits~16269
  [transient-SEFI-blk] SEFI-block  phys=0x000000001C6B50D7  start=5984471  size=4096 B  bits~16466
  [transient-SEFI-blk] SEFI-block  phys=0x000000001D926CD6  start=25324758  size=4096 B  bits~16587
  [transient-SEFI-blk] SEFI-block  phys=0x000000001D5DC724  start=21874468  size=4096 B  bits~16518
  [transient-SEFI-blk] SEFI-block  phys=0x000000001C69BE59  start=5881433  size=4096 B  bits~16438
  [transient-SEFI-blk] SEFI-block  phys=0x000000001CD9B298  start=13218456  size=4096 B  bits~16394
  [transient-SEFI-blk] SEFI-block  phys=0x000000001C542F2F  start=4468527  size=4096 B  bits~16518
  [transient-SEFI-blk] SEFI-block  phys=0x000000001C9E3637  start=9319991  size=4096 B  bits~16490
  [transient-SEFI-blk] SEFI-block  phys=0x000000001CEC4A6F  start=14436975  size=4096 B  bits~16477
  [transient-SEFI-blk] SEFI-block  phys=0x000000001C42A3C7  start=3318727  size=4096 B  bits~16400
  [transient-SEFI-blk] SEFI-block  phys=0x000000001C3745EC  start=2573804  size=4096 B  bits~16309
  [transient-SEFI-blk] SEFI-block  phys=0x000000001D5C9F1D  start=21798685  size=4096 B  bits~16395
  [transient-SEFI-blk] SEFI-block  phys=0x000000001CA636D1  start=9844433  size=4096 B  bits~16496
  [transient-SEFI-blk] SEFI-block  phys=0x000000001CDCD10F  start=13422863  size=4096 B  bits~16411
  [transient-SEFI-blk] SEFI-block  phys=0x000000001C107735  start=30517  size=4096 B  bits~16440
  [transient-SEFI-blk] SEFI-block  phys=0x000000001D1561C9  start=17129929  size=4096 B  bits~16483
  [transient-SEFI-blk] SEFI-block  phys=0x000000001D410F5D  start=19992413  size=4096 B  bits~16462
  [transient-SEFI-blk] SEFI-block  phys=0x000000001D48415D  start=20463965  size=4096 B  bits~16403
  [transient-SEFI-blk] SEFI-block  phys=0x000000001C1B3CDD  start=736477  size=4096 B  bits~16483
  [transient-SEFI-blk] SEFI-block  phys=0x000000001CECB0E4  start=14463204  size=4096 B  bits~16422
  [transient-SEFI-blk] SEFI-block  phys=0x000000001D77CA0E  start=23579150  size=4096 B  bits~16474
  [transient-SEFI-blk] SEFI-block  phys=0x000000001C9F0157  start=9371991  size=4096 B  bits~16370
  [transient-SEFI-blk] SEFI-block  phys=0x000000001D598A9F  start=21596831  size=4096 B  bits~16328
  [transient-SEFI-blk] SEFI-block  phys=0x000000001D82995D  start=24287581  size=4096 B  bits~16545
  [transient-SEFI-blk] SEFI-block  phys=0x000000001D918AB5  start=25266869  size=4096 B  bits~16674
  [transient-SEFI-blk] SEFI-block  phys=0x000000001C1424A7  start=271527  size=4096 B  bits~16325
  [transient-SEFI-blk] SEFI-block  phys=0x000000001D1A5769  start=17454953  size=4096 B  bits~16502
  [transient-SEFI-blk] SEFI-block  phys=0x000000001D6B0587  start=22742407  size=4096 B  bits~16408
  [transient-SEFI-blk] SEFI-block  phys=0x000000001C1C748C  start=816268  size=4096 B  bits~16560
  [transient-SEFI-blk] SEFI-block  phys=0x000000001D1F8A11  start=17795601  size=4096 B  bits~16546
  [transient-SEFI-blk] SEFI-block  phys=0x000000001CFF7567  start=15693159  size=4096 B  bits~16470
  [transient-SEFI-blk] SEFI-block  phys=0x000000001D8EFCDD  start=25099485  size=4096 B  bits~16498
  [transient-SEFI-blk] SEFI-block  phys=0x000000001CA6D1E6  start=9884134  size=4096 B  bits~16493
  [transient-SEFI-blk] SEFI-block  phys=0x000000001CE622D7  start=14033623  size=4096 B  bits~16541
  [transient-SEFI-blk] SEFI-block  phys=0x000000001D6BDA37  start=22796855  size=4096 B  bits~16540
  [transient-SEFI-blk] SEFI-block  phys=0x000000001C12C8B2  start=182450  size=4096 B  bits~16526
  [transient-SEFI-blk] SEFI-block  phys=0x000000001C33AB30  start=2337584  size=4096 B  bits~16327
  [transient-SEFI-blk] SEFI-block  phys=0x000000001C61F761  start=5371745  size=4096 B  bits~16343
  [transient-SEFI-blk] SEFI-block  phys=0x000000001CEE1744  start=14554948  size=4096 B  bits~16574
  [transient-SEFI-blk] SEFI-block  phys=0x000000001CD81E4E  start=13114958  size=4096 B  bits~16485
  [transient-SEFI-blk] SEFI-block  phys=0x000000001CC1D1D4  start=11653588  size=4096 B  bits~16537
  [transient-SEFI-blk] SEFI-block  phys=0x000000001D3E71AA  start=19820970  size=4096 B  bits~16433
  [transient-SEFI-blk] SEFI-block  phys=0x000000001CD6C9AB  start=13027755  size=4096 B  bits~16579
  [transient-SEFI-blk] SEFI-block  phys=0x000000001C7CF612  start=7140882  size=4096 B  bits~16571
  [transient-SEFI-blk] SEFI-block  phys=0x000000001D37B7BD  start=19380157  size=4096 B  bits~16522
  [transient-SEFI-blk] SEFI-block  phys=0x000000001CD5CA3B  start=12962363  size=4096 B  bits~16524
  [transient-SEFI-blk] SEFI-block  phys=0x000000001D4E6F1D  start=20868893  size=4096 B  bits~16547
  [transient-SEFI-blk] SEFI-block  phys=0x000000001CE2F388  start=13824904  size=4096 B  bits~16411
[Summary] target=weights  baseline=6.00%  faulty=5.00%

──── target=input_tensor ────
  [transient-SEFI-blk] SEFI-block  phys=0x000000001B9E0E8D  start=132717  size=4096 B  bits~16441
  [transient-SEFI-blk] SEFI-block  phys=0x000000001B9E38E4  start=143556  size=4096 B  bits~16317
  [transient-SEFI-blk] SEFI-block  phys=0x000000001B9C58E0  start=20672  size=4096 B  bits~16376
  [transient-SEFI-blk] SEFI-block  phys=0x000000001B9C40A4  start=14468  size=4096 B  bits~16428
  [transient-SEFI-blk] SEFI-block  phys=0x000000001B9DE989  start=123241  size=4096 B  bits~16448
  [transient-SEFI-blk] SEFI-block  phys=0x000000001B9D706F  start=92239  size=4096 B  bits~16500
  [transient-SEFI-blk] SEFI-block  phys=0x000000001B9E0CAD  start=132237  size=4096 B  bits~16371
  [transient-SEFI-blk] SEFI-block  phys=0x000000001B9C2FEF  start=10191  size=4096 B  bits~16565
  [transient-SEFI-blk] SEFI-block  phys=0x000000001B9DD452  start=117810  size=4096 B  bits~16315
  [transient-SEFI-blk] SEFI-block  phys=0x000000001B9C4845  start=16421  size=4096 B  bits~16451
  [transient-SEFI-blk] SEFI-block  phys=0x000000001B9CAB19  start=41721  size=4096 B  bits~16416
  [transient-SEFI-blk] SEFI-block  phys=0x000000001B9DE5EE  start=122318  size=4096 B  bits~16560
  [transient-SEFI-blk] SEFI-block  phys=0x000000001B9D0592  start=64882  size=4096 B  bits~16474
  [transient-SEFI-blk] SEFI-block  phys=0x000000001B9E22D0  start=137904  size=4096 B  bits~16497
  [transient-SEFI-blk] SEFI-block  phys=0x000000001B9C5DAD  start=21901  size=4096 B  bits~16589
  [transient-SEFI-blk] SEFI-block  phys=0x000000001B9D6F19  start=91897  size=4096 B  bits~16580
  [transient-SEFI-blk] SEFI-block  phys=0x000000001B9E29D4  start=139700  size=4096 B  bits~16358
  [transient-SEFI-blk] SEFI-block  phys=0x000000001B9C9F39  start=38681  size=4096 B  bits~16528
  [transient-SEFI-blk] SEFI-block  phys=0x000000001B9C51D5  start=18869  size=4096 B  bits~16520
  [transient-SEFI-blk] SEFI-block  phys=0x000000001B9DBF32  start=112402  size=4096 B  bits~16364
  [transient-SEFI-blk] SEFI-block  phys=0x000000001B9D5C98  start=87160  size=4096 B  bits~16320
  [transient-SEFI-blk] SEFI-block  phys=0x000000001B9D83FB  start=97243  size=4096 B  bits~16569
  [transient-SEFI-blk] SEFI-block  phys=0x000000001B9E0B99  start=131961  size=4096 B  bits~16540
  [transient-SEFI-blk] SEFI-block  phys=0x000000001B9E3C05  start=144357  size=4096 B  bits~16359
  [transient-SEFI-blk] SEFI-block  phys=0x000000001B9C9FFD  start=38877  size=4096 B  bits~16416
  [transient-SEFI-blk] SEFI-block  phys=0x000000001B9DBE5E  start=112190  size=4096 B  bits~16508
  [transient-SEFI-blk] SEFI-block  phys=0x000000001B9CBD1B  start=46331  size=4096 B  bits~16430
  [transient-SEFI-blk] SEFI-block  phys=0x000000001B9DA0F6  start=104662  size=4096 B  bits~16516
  [transient-SEFI-blk] SEFI-block  phys=0x000000001B9E4215  start=145909  size=4096 B  bits~16602
  [transient-SEFI-blk] SEFI-block  phys=0x000000001B9CCACD  start=49837  size=4096 B  bits~16609
  [transient-SEFI-blk] SEFI-block  phys=0x000000001B9DD218  start=117240  size=4096 B  bits~16330
  [transient-SEFI-blk] SEFI-block  phys=0x000000001B9DD9C3  start=119203  size=4096 B  bits~16530
  [transient-SEFI-blk] SEFI-block  phys=0x000000001B9D5792  start=85874  size=4096 B  bits~16584
  [transient-SEFI-blk] SEFI-block  phys=0x000000001B9CB4F7  start=44247  size=4096 B  bits~16485
  [transient-SEFI-blk] SEFI-block  phys=0x000000001B9D89F7  start=98775  size=4096 B  bits~16550
  [transient-SEFI-blk] SEFI-block  phys=0x000000001B9E22A3  start=137859  size=4096 B  bits~16406
  [transient-SEFI-blk] SEFI-block  phys=0x000000001B9C9414  start=35828  size=4096 B  bits~16361
  [transient-SEFI-blk] SEFI-block  phys=0x000000001B9C9853  start=36915  size=4096 B  bits~16471
  [transient-SEFI-blk] SEFI-block  phys=0x000000001B9D6E7B  start=91739  size=4096 B  bits~16409
  [transient-SEFI-blk] SEFI-block  phys=0x000000001B9E308B  start=141419  size=4096 B  bits~16557
  [transient-SEFI-blk] SEFI-block  phys=0x000000001B9C53F9  start=19417  size=4096 B  bits~16345
  [transient-SEFI-blk] SEFI-block  phys=0x000000001B9CF323  start=60163  size=4096 B  bits~16451
  [transient-SEFI-blk] SEFI-block  phys=0x000000001B9E2974  start=139604  size=4096 B  bits~16547
  [transient-SEFI-blk] SEFI-block  phys=0x000000001B9E42D5  start=146101  size=4096 B  bits~16432
  [transient-SEFI-blk] SEFI-block  phys=0x000000001B9D52E4  start=84676  size=4096 B  bits~16464
  [transient-SEFI-blk] SEFI-block  phys=0x000000001B9CDEA7  start=54919  size=4096 B  bits~16386
  [transient-SEFI-blk] SEFI-block  phys=0x000000001B9CBE71  start=46673  size=4096 B  bits~16549
  [transient-SEFI-blk] SEFI-block  phys=0x000000001B9C37D7  start=12215  size=4096 B  bits~16387
  [transient-SEFI-blk] SEFI-block  phys=0x000000001B9D6934  start=90388  size=4096 B  bits~16361
  [transient-SEFI-blk] SEFI-block  phys=0x000000001B9C4DF0  start=17872  size=4096 B  bits~16362
  [transient-SEFI-blk] SEFI-block  phys=0x000000001B9DFC42  start=128034  size=4096 B  bits~16508
  [transient-SEFI-blk] SEFI-block  phys=0x000000001B9E243E  start=138270  size=4096 B  bits~16563
  [transient-SEFI-blk] SEFI-block  phys=0x000000001B9C1515  start=3317  size=4096 B  bits~16454
  [transient-SEFI-blk] SEFI-block  phys=0x000000001B9C8287  start=31335  size=4096 B  bits~16419
  [transient-SEFI-blk] SEFI-block  phys=0x000000001B9D16AA  start=69258  size=4096 B  bits~16368
  [transient-SEFI-blk] SEFI-block  phys=0x000000001B9DEE75  start=124501  size=4096 B  bits~16534
  [transient-SEFI-blk] SEFI-block  phys=0x000000001B9C8D03  start=34019  size=4096 B  bits~16399
  [transient-SEFI-blk] SEFI-block  phys=0x000000001B9D628D  start=88685  size=4096 B  bits~16485
  [transient-SEFI-blk] SEFI-block  phys=0x000000001B9C8250  start=31280  size=4096 B  bits~16489
  [transient-SEFI-blk] SEFI-block  phys=0x000000001B9C7EBD  start=30365  size=4096 B  bits~16401
  [transient-SEFI-blk] SEFI-block  phys=0x000000001B9D46F4  start=81620  size=4096 B  bits~16458
  [transient-SEFI-blk] SEFI-block  phys=0x000000001B9E2516  start=138486  size=4096 B  bits~16467
  [transient-SEFI-blk] SEFI-block  phys=0x000000001B9C6CB0  start=25744  size=4096 B  bits~16575
  [transient-SEFI-blk] SEFI-block  phys=0x000000001B9DAAD1  start=107185  size=4096 B  bits~16229
  [transient-SEFI-blk] SEFI-block  phys=0x000000001B9D5372  start=84818  size=4096 B  bits~16518
  [transient-SEFI-blk] SEFI-block  phys=0x000000001B9C7ECB  start=30379  size=4096 B  bits~16509
  [transient-SEFI-blk] SEFI-block  phys=0x000000001B9C30E2  start=10434  size=4096 B  bits~16486
  [transient-SEFI-blk] SEFI-block  phys=0x000000001B9E20AC  start=137356  size=4096 B  bits~16370
  [transient-SEFI-blk] SEFI-block  phys=0x000000001B9CCC6A  start=50250  size=4096 B  bits~16498
  [transient-SEFI-blk] SEFI-block  phys=0x000000001B9C1EFA  start=5850  size=4096 B  bits~16475
  [transient-SEFI-blk] SEFI-block  phys=0x000000001B9C346A  start=11338  size=4096 B  bits~16634
  [transient-SEFI-blk] SEFI-block  phys=0x000000001B9D4740  start=81696  size=4096 B  bits~16586
  [transient-SEFI-blk] SEFI-block  phys=0x000000001B9C5A05  start=20965  size=4096 B  bits~16438
  [transient-SEFI-blk] SEFI-block  phys=0x000000001B9DCB65  start=115525  size=4096 B  bits~16305
  [transient-SEFI-blk] SEFI-block  phys=0x000000001B9D36B1  start=77457  size=4096 B  bits~16388
  [transient-SEFI-blk] SEFI-block  phys=0x000000001B9DDF15  start=120565  size=4096 B  bits~16459
  [transient-SEFI-blk] SEFI-block  phys=0x000000001B9C806B  start=30795  size=4096 B  bits~16258
  [transient-SEFI-blk] SEFI-block  phys=0x000000001B9CAA5F  start=41535  size=4096 B  bits~16290
  [transient-SEFI-blk] SEFI-block  phys=0x000000001B9DBF3C  start=112412  size=4096 B  bits~16358
  [transient-SEFI-blk] SEFI-block  phys=0x000000001B9CA2A5  start=39557  size=4096 B  bits~16529
  [transient-SEFI-blk] SEFI-block  phys=0x000000001B9D7F84  start=96100  size=4096 B  bits~16448
  [transient-SEFI-blk] SEFI-block  phys=0x000000001B9DED09  start=124137  size=4096 B  bits~16608
  [transient-SEFI-blk] SEFI-block  phys=0x000000001B9DF062  start=124994  size=4096 B  bits~16549
  [transient-SEFI-blk] SEFI-block  phys=0x000000001B9DD2D0  start=117424  size=4096 B  bits~16259
  [transient-SEFI-blk] SEFI-block  phys=0x000000001B9D30BE  start=75934  size=4096 B  bits~16413
  [transient-SEFI-blk] SEFI-block  phys=0x000000001B9D6356  start=88886  size=4096 B  bits~16405
  [transient-SEFI-blk] SEFI-block  phys=0x000000001B9CAA49  start=41513  size=4096 B  bits~16454
  [transient-SEFI-blk] SEFI-block  phys=0x000000001B9C0E54  start=1588  size=4096 B  bits~16428
  [transient-SEFI-blk] SEFI-block  phys=0x000000001B9D3318  start=76536  size=4096 B  bits~16599
  [transient-SEFI-blk] SEFI-block  phys=0x000000001B9CD629  start=52745  size=4096 B  bits~16354
  [transient-SEFI-blk] SEFI-block  phys=0x000000001B9C2F0F  start=9967  size=4096 B  bits~16480
  [transient-SEFI-blk] SEFI-block  phys=0x000000001B9CB3AE  start=43918  size=4096 B  bits~16417
  [transient-SEFI-blk] SEFI-block  phys=0x000000001B9C18F7  start=4311  size=4096 B  bits~16368
  [transient-SEFI-blk] SEFI-block  phys=0x000000001B9DC5AE  start=114062  size=4096 B  bits~16395
  [transient-SEFI-blk] SEFI-block  phys=0x000000001B9E3ADC  start=144060  size=4096 B  bits~16391
  [transient-SEFI-blk] SEFI-block  phys=0x000000001B9E2A50  start=139824  size=4096 B  bits~16356
  [transient-SEFI-blk] SEFI-block  phys=0x000000001B9C4392  start=15218  size=4096 B  bits~16348
  [transient-SEFI-blk] SEFI-block  phys=0x000000001B9D0DA9  start=66953  size=4096 B  bits~16424
  [transient-SEFI-blk] SEFI-block  phys=0x000000001B9C3AC6  start=12966  size=4096 B  bits~16583
  [transient-SEFI-blk] SEFI-block  phys=0x000000001B9DF552  start=126258  size=4096 B  bits~16352
[Summary] target=input_tensor  baseline=6.00%  faulty=6.00%

──── target=buffers ────
  [buffers_post] SEFI-block  phys=0x0000000002A05000  start=0  size=1008 B  bits~4064
  [buffers_post] SEFI-block  phys=0x0000000002A05000  start=0  size=1008 B  bits~4130
  [buffers_post] SEFI-block  phys=0x0000000002A05000  start=0  size=1008 B  bits~4042
  [buffers_post] SEFI-block  phys=0x0000000002A05000  start=0  size=1008 B  bits~4076
  [buffers_post] SEFI-block  phys=0x0000000002A05000  start=0  size=1008 B  bits~4105
  [buffers_post] SEFI-block  phys=0x0000000002A05000  start=0  size=1008 B  bits~4059
  [buffers_post] SEFI-block  phys=0x0000000002A05000  start=0  size=1008 B  bits~4116
  [buffers_post] SEFI-block  phys=0x0000000002A05000  start=0  size=1008 B  bits~4035
  [buffers_post] SEFI-block  phys=0x0000000002A05000  start=0  size=1008 B  bits~3968
  [buffers_post] SEFI-block  phys=0x0000000002A05000  start=0  size=1008 B  bits~4089
  [buffers_post] SEFI-block  phys=0x0000000002A05000  start=0  size=1008 B  bits~4112
  [buffers_post] SEFI-block  phys=0x0000000002A05000  start=0  size=1008 B  bits~4016
  [buffers_post] SEFI-block  phys=0x0000000002A05000  start=0  size=1008 B  bits~4088
  [buffers_post] SEFI-block  phys=0x0000000002A05000  start=0  size=1008 B  bits~4007
  [buffers_post] SEFI-block  phys=0x0000000002A05000  start=0  size=1008 B  bits~4011
  [buffers_post] SEFI-block  phys=0x0000000002A05000  start=0  size=1008 B  bits~4063
  [buffers_post] SEFI-block  phys=0x0000000002A05000  start=0  size=1008 B  bits~4054
  [buffers_post] SEFI-block  phys=0x0000000002A05000  start=0  size=1008 B  bits~4104
  [buffers_post] SEFI-block  phys=0x0000000002A05000  start=0  size=1008 B  bits~4010
  [buffers_post] SEFI-block  phys=0x0000000002A05000  start=0  size=1008 B  bits~4071
  [buffers_post] SEFI-block  phys=0x0000000002A05000  start=0  size=1008 B  bits~4032
  [buffers_post] SEFI-block  phys=0x0000000002A05000  start=0  size=1008 B  bits~4094
  [buffers_post] SEFI-block  phys=0x0000000002A05000  start=0  size=1008 B  bits~4075
  [buffers_post] SEFI-block  phys=0x0000000002A05000  start=0  size=1008 B  bits~3973
  [buffers_post] SEFI-block  phys=0x0000000002A05000  start=0  size=1008 B  bits~3970
  [buffers_post] SEFI-block  phys=0x0000000002A05000  start=0  size=1008 B  bits~4068
  [buffers_post] SEFI-block  phys=0x0000000002A05000  start=0  size=1008 B  bits~4127
  [buffers_post] SEFI-block  phys=0x0000000002A05000  start=0  size=1008 B  bits~3993
  [buffers_post] SEFI-block  phys=0x0000000002A05000  start=0  size=1008 B  bits~4065
  [buffers_post] SEFI-block  phys=0x0000000002A05000  start=0  size=1008 B  bits~4090
  [buffers_post] SEFI-block  phys=0x0000000002A05000  start=0  size=1008 B  bits~4083
  [buffers_post] SEFI-block  phys=0x0000000002A05000  start=0  size=1008 B  bits~4082
  [buffers_post] SEFI-block  phys=0x0000000002A05000  start=0  size=1008 B  bits~4066
  [buffers_post] SEFI-block  phys=0x0000000002A05000  start=0  size=1008 B  bits~3992
  [buffers_post] SEFI-block  phys=0x0000000002A05000  start=0  size=1008 B  bits~4024
  [buffers_post] SEFI-block  phys=0x0000000002A05000  start=0  size=1008 B  bits~4116
  [buffers_post] SEFI-block  phys=0x0000000002A05000  start=0  size=1008 B  bits~4091
  [buffers_post] SEFI-block  phys=0x0000000002A05000  start=0  size=1008 B  bits~4110
  [buffers_post] SEFI-block  phys=0x0000000002A05000  start=0  size=1008 B  bits~4050
  [buffers_post] SEFI-block  phys=0x0000000002A05000  start=0  size=1008 B  bits~4036
  [buffers_post] SEFI-block  phys=0x0000000002A05000  start=0  size=1008 B  bits~4086
  [buffers_post] SEFI-block  phys=0x0000000002A05000  start=0  size=1008 B  bits~4022
  [buffers_post] SEFI-block  phys=0x0000000002A05000  start=0  size=1008 B  bits~4047
  [buffers_post] SEFI-block  phys=0x0000000002A05000  start=0  size=1008 B  bits~4012
  [buffers_post] SEFI-block  phys=0x0000000002A05000  start=0  size=1008 B  bits~4097
  [buffers_post] SEFI-block  phys=0x0000000002A05000  start=0  size=1008 B  bits~4052
  [buffers_post] SEFI-block  phys=0x0000000002A05000  start=0  size=1008 B  bits~3993
  [buffers_post] SEFI-block  phys=0x0000000002A05000  start=0  size=1008 B  bits~4037
  [buffers_post] SEFI-block  phys=0x0000000002A05000  start=0  size=1008 B  bits~3976
  [buffers_post] SEFI-block  phys=0x0000000002A05000  start=0  size=1008 B  bits~4045
  [buffers_post] SEFI-block  phys=0x0000000002A05000  start=0  size=1008 B  bits~4076
  [buffers_post] SEFI-block  phys=0x0000000002A05000  start=0  size=1008 B  bits~3950
  [buffers_post] SEFI-block  phys=0x0000000002A05000  start=0  size=1008 B  bits~3934
  [buffers_post] SEFI-block  phys=0x0000000002A05000  start=0  size=1008 B  bits~4078
  [buffers_post] SEFI-block  phys=0x0000000002A05000  start=0  size=1008 B  bits~4059
  [buffers_post] SEFI-block  phys=0x0000000002A05000  start=0  size=1008 B  bits~4071
  [buffers_post] SEFI-block  phys=0x0000000002A05000  start=0  size=1008 B  bits~4098
  [buffers_post] SEFI-block  phys=0x0000000002A05000  start=0  size=1008 B  bits~3986
  [buffers_post] SEFI-block  phys=0x0000000002A05000  start=0  size=1008 B  bits~4065
  [buffers_post] SEFI-block  phys=0x0000000002A05000  start=0  size=1008 B  bits~4039
  [buffers_post] SEFI-block  phys=0x0000000002A05000  start=0  size=1008 B  bits~4113
  [buffers_post] SEFI-block  phys=0x0000000002A05000  start=0  size=1008 B  bits~4132
  [buffers_post] SEFI-block  phys=0x0000000002A05000  start=0  size=1008 B  bits~4005
  [buffers_post] SEFI-block  phys=0x0000000002A05000  start=0  size=1008 B  bits~4068
  [buffers_post] SEFI-block  phys=0x0000000002A05000  start=0  size=1008 B  bits~4009
  [buffers_post] SEFI-block  phys=0x0000000002A05000  start=0  size=1008 B  bits~4058
  [buffers_post] SEFI-block  phys=0x0000000002A05000  start=0  size=1008 B  bits~4081
  [buffers_post] SEFI-block  phys=0x0000000002A05000  start=0  size=1008 B  bits~4039
  [buffers_post] SEFI-block  phys=0x0000000002A05000  start=0  size=1008 B  bits~4037
  [buffers_post] SEFI-block  phys=0x0000000002A05000  start=0  size=1008 B  bits~4072
  [buffers_post] SEFI-block  phys=0x0000000002A05000  start=0  size=1008 B  bits~4034
  [buffers_post] SEFI-block  phys=0x0000000002A05000  start=0  size=1008 B  bits~4023
  [buffers_post] SEFI-block  phys=0x0000000002A05000  start=0  size=1008 B  bits~4084
  [buffers_post] SEFI-block  phys=0x0000000002A05000  start=0  size=1008 B  bits~4043
  [buffers_post] SEFI-block  phys=0x0000000002A05000  start=0  size=1008 B  bits~4003
  [buffers_post] SEFI-block  phys=0x0000000002A05000  start=0  size=1008 B  bits~3981
  [buffers_post] SEFI-block  phys=0x0000000002A05000  start=0  size=1008 B  bits~4000
  [buffers_post] SEFI-block  phys=0x0000000002A05000  start=0  size=1008 B  bits~4052
  [buffers_post] SEFI-block  phys=0x0000000002A05000  start=0  size=1008 B  bits~4042
  [buffers_post] SEFI-block  phys=0x0000000002A05000  start=0  size=1008 B  bits~4035
  [buffers_post] SEFI-block  phys=0x0000000002A05000  start=0  size=1008 B  bits~4066
  [buffers_post] SEFI-block  phys=0x0000000002A05000  start=0  size=1008 B  bits~4081
  [buffers_post] SEFI-block  phys=0x0000000002A05000  start=0  size=1008 B  bits~4041
  [buffers_post] SEFI-block  phys=0x0000000002A05000  start=0  size=1008 B  bits~4086
  [buffers_post] SEFI-block  phys=0x0000000002A05000  start=0  size=1008 B  bits~4029
  [buffers_post] SEFI-block  phys=0x0000000002A05000  start=0  size=1008 B  bits~4083
  [buffers_post] SEFI-block  phys=0x0000000002A05000  start=0  size=1008 B  bits~3985
  [buffers_post] SEFI-block  phys=0x0000000002A05000  start=0  size=1008 B  bits~4033
  [buffers_post] SEFI-block  phys=0x0000000002A05000  start=0  size=1008 B  bits~4031
  [buffers_post] SEFI-block  phys=0x0000000002A05000  start=0  size=1008 B  bits~4088
  [buffers_post] SEFI-block  phys=0x0000000002A05000  start=0  size=1008 B  bits~4113
  [buffers_post] SEFI-block  phys=0x0000000002A05000  start=0  size=1008 B  bits~4060
  [buffers_post] SEFI-block  phys=0x0000000002A05000  start=0  size=1008 B  bits~4063
  [buffers_post] SEFI-block  phys=0x0000000002A05000  start=0  size=1008 B  bits~4044
  [buffers_post] SEFI-block  phys=0x0000000002A05000  start=0  size=1008 B  bits~4128
  [buffers_post] SEFI-block  phys=0x0000000002A05000  start=0  size=1008 B  bits~4007
  [buffers_post] SEFI-block  phys=0x0000000002A05000  start=0  size=1008 B  bits~4049
  [buffers_post] SEFI-block  phys=0x0000000002A05000  start=0  size=1008 B  bits~4090
  [buffers_post] SEFI-block  phys=0x0000000002A05000  start=0  size=1008 B  bits~4049
  [buffers_post] SEFI-block  phys=0x0000000002A05000  start=0  size=1008 B  bits~4071
[Summary] target=buffers  baseline=6.00%  faulty=0.00%
