[Setup] Input  data_fixed  size=150528 h=224 w=224
[Setup] Output fc1000_fixed  size=1000
[DDR4] Instructions: reg_val=0x1B900  phys=0x000000001B900000  size=742492 B
[DDR4] Weights:      phys=0x000000001C100000  size=25726976 B
[DDR4] Input tensor: phys=0x000000001B9C0000  total=152608 B  pixel_start=+2080 B
[Snapshot] Weight backup taken: 25726976 B @ 0x000000001C100000
[Baseline] Accuracy: 75/100 = 75.00%

──── target=weights ────
  [SEFI-block] SEFI-block  phys=0x000000001C14DE9C  start=319132  size=4096 B  bits~16554
  [SEFI-block] SEFI-block  phys=0x000000001CF580F2  start=15040754  size=4096 B  bits~16490
  [SEFI-block] SEFI-block  phys=0x000000001D162854  start=17180756  size=4096 B  bits~16520
  [SEFI-block] SEFI-block  phys=0x000000001D71D3BC  start=23188412  size=4096 B  bits~16435
  [SEFI-block] SEFI-block  phys=0x000000001D8F5EF1  start=25124593  size=4096 B  bits~16372
  [SEFI-block] SEFI-block  phys=0x000000001CAB7BA7  start=10189735  size=4096 B  bits~16417
  [SEFI-block] SEFI-block  phys=0x000000001D027A61  start=15891041  size=4096 B  bits~16527
  [SEFI-block] SEFI-block  phys=0x000000001C1A77C4  start=686020  size=4096 B  bits~16460
  [SEFI-block] SEFI-block  phys=0x000000001D718304  start=23167748  size=4096 B  bits~16335
  [SEFI-block] SEFI-block  phys=0x000000001C4454F8  start=3429624  size=4096 B  bits~16318
  [SEFI-block] SEFI-block  phys=0x000000001D05E5BF  start=16115135  size=4096 B  bits~16360
  [SEFI-block] SEFI-block  phys=0x000000001D1A0889  start=17434761  size=4096 B  bits~16520
  [SEFI-block] SEFI-block  phys=0x000000001D89B26A  start=24752746  size=4096 B  bits~16431
  [SEFI-block] SEFI-block  phys=0x000000001C86764F  start=7763535  size=4096 B  bits~16452
  [SEFI-block] SEFI-block  phys=0x000000001D4335C3  start=20133315  size=4096 B  bits~16518
  [SEFI-block] SEFI-block  phys=0x000000001C75ECAE  start=6679726  size=4096 B  bits~16393
  [SEFI-block] SEFI-block  phys=0x000000001D329FAF  start=19046319  size=4096 B  bits~16260
  [SEFI-block] SEFI-block  phys=0x000000001C69A159  start=5874009  size=4096 B  bits~16412
  [SEFI-block] SEFI-block  phys=0x000000001D57A11A  start=21471514  size=4096 B  bits~16429
  [SEFI-block] SEFI-block  phys=0x000000001D210802  start=17893378  size=4096 B  bits~16377
  [SEFI-block] SEFI-block  phys=0x000000001D5D2F63  start=21835619  size=4096 B  bits~16500
  [SEFI-block] SEFI-block  phys=0x000000001D8C8993  start=24938899  size=4096 B  bits~16330
  [SEFI-block] SEFI-block  phys=0x000000001CDDB7A4  start=13481892  size=4096 B  bits~16451
  [SEFI-block] SEFI-block  phys=0x000000001D67C171  start=22528369  size=4096 B  bits~16576
  [SEFI-block] SEFI-block  phys=0x000000001D892541  start=24716609  size=4096 B  bits~16510
  [SEFI-block] SEFI-block  phys=0x000000001C7A8DB1  start=6983089  size=4096 B  bits~16377
  [SEFI-block] SEFI-block  phys=0x000000001C376740  start=2582336  size=4096 B  bits~16564
  [SEFI-block] SEFI-block  phys=0x000000001C61A35B  start=5350235  size=4096 B  bits~16455
  [SEFI-block] SEFI-block  phys=0x000000001C355120  start=2445600  size=4096 B  bits~16476
  [SEFI-block] SEFI-block  phys=0x000000001C3DFED5  start=3014357  size=4096 B  bits~16518
  [SEFI-block] SEFI-block  phys=0x000000001C7041B3  start=6308275  size=4096 B  bits~16473
  [SEFI-block] SEFI-block  phys=0x000000001CEC4B00  start=14437120  size=4096 B  bits~16483
  [SEFI-block] SEFI-block  phys=0x000000001C50B7D5  start=4241365  size=4096 B  bits~16391
  [SEFI-block] SEFI-block  phys=0x000000001CBC5F42  start=11296578  size=4096 B  bits~16454
  [SEFI-block] SEFI-block  phys=0x000000001C57AF51  start=4697937  size=4096 B  bits~16338
  [SEFI-block] SEFI-block  phys=0x000000001C1C51E9  start=807401  size=4096 B  bits~16384
  [SEFI-block] SEFI-block  phys=0x000000001CD140CF  start=12665039  size=4096 B  bits~16546
  [SEFI-block] SEFI-block  phys=0x000000001D5E05FB  start=21890555  size=4096 B  bits~16405
  [SEFI-block] SEFI-block  phys=0x000000001C83859F  start=7570847  size=4096 B  bits~16519
  [SEFI-block] SEFI-block  phys=0x000000001D14E0D0  start=17096912  size=4096 B  bits~16323
  [SEFI-block] SEFI-block  phys=0x000000001C357F03  start=2457347  size=4096 B  bits~16458
  [SEFI-block] SEFI-block  phys=0x000000001D979BC5  start=25664453  size=4096 B  bits~16467
  [SEFI-block] SEFI-block  phys=0x000000001C836252  start=7561810  size=4096 B  bits~16379
  [SEFI-block] SEFI-block  phys=0x000000001D2BDBB4  start=18602932  size=4096 B  bits~16480
  [SEFI-block] SEFI-block  phys=0x000000001D174400  start=17253376  size=4096 B  bits~16451
  [SEFI-block] SEFI-block  phys=0x000000001D8B77A2  start=24868770  size=4096 B  bits~16328
  [SEFI-block] SEFI-block  phys=0x000000001CCB4252  start=12272210  size=4096 B  bits~16522
  [SEFI-block] SEFI-block  phys=0x000000001CBABCBF  start=11189439  size=4096 B  bits~16486
  [SEFI-block] SEFI-block  phys=0x000000001C3F732A  start=3109674  size=4096 B  bits~16470
  [SEFI-block] SEFI-block  phys=0x000000001CEE6CB0  start=14576816  size=4096 B  bits~16287
  [SEFI-block] SEFI-block  phys=0x000000001D8D46CC  start=24987340  size=4096 B  bits~16281
  [SEFI-block] SEFI-block  phys=0x000000001D84C668  start=24430184  size=4096 B  bits~16551
  [SEFI-block] SEFI-block  phys=0x000000001D5FE01B  start=22011931  size=4096 B  bits~16447
  [SEFI-block] SEFI-block  phys=0x000000001D19BE9E  start=17415838  size=4096 B  bits~16367
  [SEFI-block] SEFI-block  phys=0x000000001CFED715  start=15652629  size=4096 B  bits~16407
  [SEFI-block] SEFI-block  phys=0x000000001CC4108A  start=11800714  size=4096 B  bits~16337
  [SEFI-block] SEFI-block  phys=0x000000001C1A6E07  start=683527  size=4096 B  bits~16409
  [SEFI-block] SEFI-block  phys=0x000000001C460B49  start=3541833  size=4096 B  bits~16477
  [SEFI-block] SEFI-block  phys=0x000000001C86A3B5  start=7775157  size=4096 B  bits~16283
  [SEFI-block] SEFI-block  phys=0x000000001C32BB31  start=2276145  size=4096 B  bits~16344
  [SEFI-block] SEFI-block  phys=0x000000001CAADDA5  start=10149285  size=4096 B  bits~16579
  [SEFI-block] SEFI-block  phys=0x000000001D00B830  start=15775792  size=4096 B  bits~16513
  [SEFI-block] SEFI-block  phys=0x000000001C79854E  start=6915406  size=4096 B  bits~16495
  [SEFI-block] SEFI-block  phys=0x000000001CD2C6AB  start=12764843  size=4096 B  bits~16541
  [SEFI-block] SEFI-block  phys=0x000000001D64847E  start=22316158  size=4096 B  bits~16653
  [SEFI-block] SEFI-block  phys=0x000000001D18EFF3  start=17362931  size=4096 B  bits~16312
  [SEFI-block] SEFI-block  phys=0x000000001D4437EA  start=20199402  size=4096 B  bits~16545
  [SEFI-block] SEFI-block  phys=0x000000001CCD32D5  start=12399317  size=4096 B  bits~16451
  [SEFI-block] SEFI-block  phys=0x000000001D59BC92  start=21609618  size=4096 B  bits~16498
  [SEFI-block] SEFI-block  phys=0x000000001CA58F72  start=9801586  size=4096 B  bits~16430
  [SEFI-block] SEFI-block  phys=0x000000001D446A55  start=20212309  size=4096 B  bits~16454
  [SEFI-block] SEFI-block  phys=0x000000001D1A67F5  start=17459189  size=4096 B  bits~16370
  [SEFI-block] SEFI-block  phys=0x000000001D5236E0  start=21116640  size=4096 B  bits~16347
  [SEFI-block] SEFI-block  phys=0x000000001CEDDE27  start=14540327  size=4096 B  bits~16525
  [SEFI-block] SEFI-block  phys=0x000000001D604934  start=22038836  size=4096 B  bits~16384
  [SEFI-block] SEFI-block  phys=0x000000001D749935  start=23370037  size=4096 B  bits~16396
  [SEFI-block] SEFI-block  phys=0x000000001C6D817B  start=6127995  size=4096 B  bits~16553
  [SEFI-block] SEFI-block  phys=0x000000001C2A396D  start=1718637  size=4096 B  bits~16420
  [SEFI-block] SEFI-block  phys=0x000000001C63D2A3  start=5493411  size=4096 B  bits~16432
  [SEFI-block] SEFI-block  phys=0x000000001CE08B33  start=13667123  size=4096 B  bits~16593
  [SEFI-block] SEFI-block  phys=0x000000001D64E2B3  start=22340275  size=4096 B  bits~16487
  [SEFI-block] SEFI-block  phys=0x000000001CCC9ECB  start=12361419  size=4096 B  bits~16608
  [SEFI-block] SEFI-block  phys=0x000000001C815842  start=7428162  size=4096 B  bits~16377
  [SEFI-block] SEFI-block  phys=0x000000001CB78C78  start=10980472  size=4096 B  bits~16409
  [SEFI-block] SEFI-block  phys=0x000000001D822FF0  start=24260592  size=4096 B  bits~16487
  [SEFI-block] SEFI-block  phys=0x000000001C535835  start=4413493  size=4096 B  bits~16499
  [SEFI-block] SEFI-block  phys=0x000000001D19909E  start=17404062  size=4096 B  bits~16387
  [SEFI-block] SEFI-block  phys=0x000000001C9CBE7F  start=9223807  size=4096 B  bits~16455
  [SEFI-block] SEFI-block  phys=0x000000001D7D3DD9  start=23936473  size=4096 B  bits~16477
  [SEFI-block] SEFI-block  phys=0x000000001CD6ED70  start=13036912  size=4096 B  bits~16448
  [SEFI-block] SEFI-block  phys=0x000000001D30E4D9  start=18932953  size=4096 B  bits~16412
  [SEFI-block] SEFI-block  phys=0x000000001D57A2A9  start=21471913  size=4096 B  bits~16483
  [SEFI-block] SEFI-block  phys=0x000000001CDBF5F5  start=13366773  size=4096 B  bits~16306
  [SEFI-block] SEFI-block  phys=0x000000001C6F477C  start=6244220  size=4096 B  bits~16579
  [SEFI-block] SEFI-block  phys=0x000000001D554488  start=21316744  size=4096 B  bits~16589
  [SEFI-block] SEFI-block  phys=0x000000001CA1CF28  start=9555752  size=4096 B  bits~16466
  [SEFI-block] SEFI-block  phys=0x000000001C69DE1A  start=5889562  size=4096 B  bits~16474
  [SEFI-block] SEFI-block  phys=0x000000001C876DB1  start=7826865  size=4096 B  bits~16439
  [SEFI-block] SEFI-block  phys=0x000000001C8D3B44  start=8207172  size=4096 B  bits~16376
  [SEFI-block] SEFI-block  phys=0x000000001C9B7D11  start=9141521  size=4096 B  bits~16722
[Summary] target=weights  baseline=75.00%  faulty=73.00%

──── target=input_tensor ────
  [SEFI-block] SEFI-block  phys=0x000000001B9C683F  start=24607  size=4096 B  bits~16454
  [SEFI-block] SEFI-block  phys=0x000000001B9DE7B3  start=122771  size=4096 B  bits~16437
  [SEFI-block] SEFI-block  phys=0x000000001B9CD188  start=51560  size=4096 B  bits~16470
  [SEFI-block] SEFI-block  phys=0x000000001B9D2498  start=72824  size=4096 B  bits~16285
  [SEFI-block] SEFI-block  phys=0x000000001B9D7475  start=93269  size=4096 B  bits~16438
  [SEFI-block] SEFI-block  phys=0x000000001B9C58A4  start=20612  size=4096 B  bits~16386
  [SEFI-block] SEFI-block  phys=0x000000001B9CBDB9  start=46489  size=4096 B  bits~16544
  [SEFI-block] SEFI-block  phys=0x000000001B9C855F  start=32063  size=4096 B  bits~16420
  [SEFI-block] SEFI-block  phys=0x000000001B9CE720  start=57088  size=4096 B  bits~16397
  [SEFI-block] SEFI-block  phys=0x000000001B9D308F  start=75887  size=4096 B  bits~16323
  [SEFI-block] SEFI-block  phys=0x000000001B9D8DB1  start=99729  size=4096 B  bits~16508
  [SEFI-block] SEFI-block  phys=0x000000001B9C14E9  start=3273  size=4096 B  bits~16363
  [SEFI-block] SEFI-block  phys=0x000000001B9C1EBA  start=5786  size=4096 B  bits~16532
  [SEFI-block] SEFI-block  phys=0x000000001B9DFBC9  start=127913  size=4096 B  bits~16481
  [SEFI-block] SEFI-block  phys=0x000000001B9D29CF  start=74159  size=4096 B  bits~16453
  [SEFI-block] SEFI-block  phys=0x000000001B9D1975  start=69973  size=4096 B  bits~16237
  [SEFI-block] SEFI-block  phys=0x000000001B9DE276  start=121430  size=4096 B  bits~16498
  [SEFI-block] SEFI-block  phys=0x000000001B9D8F99  start=100217  size=4096 B  bits~16386
  [SEFI-block] SEFI-block  phys=0x000000001B9DBDB8  start=112024  size=4096 B  bits~16561
  [SEFI-block] SEFI-block  phys=0x000000001B9C792C  start=28940  size=4096 B  bits~16491
  [SEFI-block] SEFI-block  phys=0x000000001B9C14EE  start=3278  size=4096 B  bits~16263
  [SEFI-block] SEFI-block  phys=0x000000001B9C1C34  start=5140  size=4096 B  bits~16328
  [SEFI-block] SEFI-block  phys=0x000000001B9C4E24  start=17924  size=4096 B  bits~16569
  [SEFI-block] SEFI-block  phys=0x000000001B9C2024  start=6148  size=4096 B  bits~16434
  [SEFI-block] SEFI-block  phys=0x000000001B9DBB91  start=111473  size=4096 B  bits~16363
  [SEFI-block] SEFI-block  phys=0x000000001B9C5EBD  start=22173  size=4096 B  bits~16598
  [SEFI-block] SEFI-block  phys=0x000000001B9D675A  start=89914  size=4096 B  bits~16314
  [SEFI-block] SEFI-block  phys=0x000000001B9CEE73  start=58963  size=4096 B  bits~16588
  [SEFI-block] SEFI-block  phys=0x000000001B9D09B1  start=65937  size=4096 B  bits~16344
  [SEFI-block] SEFI-block  phys=0x000000001B9D36C7  start=77479  size=4096 B  bits~16478
  [SEFI-block] SEFI-block  phys=0x000000001B9C1100  start=2272  size=4096 B  bits~16566
  [SEFI-block] SEFI-block  phys=0x000000001B9D057A  start=64858  size=4096 B  bits~16506
  [SEFI-block] SEFI-block  phys=0x000000001B9D6AA3  start=90755  size=4096 B  bits~16439
  [SEFI-block] SEFI-block  phys=0x000000001B9C1AE9  start=4809  size=4096 B  bits~16300
  [SEFI-block] SEFI-block  phys=0x000000001B9CAB52  start=41778  size=4096 B  bits~16430
  [SEFI-block] SEFI-block  phys=0x000000001B9C3872  start=12370  size=4096 B  bits~16479
  [SEFI-block] SEFI-block  phys=0x000000001B9CDF89  start=55145  size=4096 B  bits~16501
  [SEFI-block] SEFI-block  phys=0x000000001B9CDA4E  start=53806  size=4096 B  bits~16505
  [SEFI-block] SEFI-block  phys=0x000000001B9C7C1C  start=29692  size=4096 B  bits~16379
  [SEFI-block] SEFI-block  phys=0x000000001B9CF822  start=61442  size=4096 B  bits~16282
  [SEFI-block] SEFI-block  phys=0x000000001B9DB88A  start=110698  size=4096 B  bits~16451
  [SEFI-block] SEFI-block  phys=0x000000001B9C4AD0  start=17072  size=4096 B  bits~16522
  [SEFI-block] SEFI-block  phys=0x000000001B9DD398  start=117624  size=4096 B  bits~16501
  [SEFI-block] SEFI-block  phys=0x000000001B9C5744  start=20260  size=4096 B  bits~16611
  [SEFI-block] SEFI-block  phys=0x000000001B9C30CD  start=10413  size=4096 B  bits~16304
  [SEFI-block] SEFI-block  phys=0x000000001B9C9680  start=36448  size=4096 B  bits~16439
  [SEFI-block] SEFI-block  phys=0x000000001B9C8285  start=31333  size=4096 B  bits~16426
  [SEFI-block] SEFI-block  phys=0x000000001B9C3D9D  start=13693  size=4096 B  bits~16350
  [SEFI-block] SEFI-block  phys=0x000000001B9D682D  start=90125  size=4096 B  bits~16400
  [SEFI-block] SEFI-block  phys=0x000000001B9DC1D4  start=113076  size=4096 B  bits~16455
  [SEFI-block] SEFI-block  phys=0x000000001B9C7FAA  start=30602  size=4096 B  bits~16369
  [SEFI-block] SEFI-block  phys=0x000000001B9D1534  start=68884  size=4096 B  bits~16304
  [SEFI-block] SEFI-block  phys=0x000000001B9DF063  start=124995  size=4096 B  bits~16559
  [SEFI-block] SEFI-block  phys=0x000000001B9E1745  start=134949  size=4096 B  bits~16544
  [SEFI-block] SEFI-block  phys=0x000000001B9DBA33  start=111123  size=4096 B  bits~16365
  [SEFI-block] SEFI-block  phys=0x000000001B9CB22A  start=43530  size=4096 B  bits~16459
  [SEFI-block] SEFI-block  phys=0x000000001B9DC3CF  start=113583  size=4096 B  bits~16706
  [SEFI-block] SEFI-block  phys=0x000000001B9D6E1C  start=91644  size=4096 B  bits~16638
  [SEFI-block] SEFI-block  phys=0x000000001B9D4A17  start=82423  size=4096 B  bits~16490
  [SEFI-block] SEFI-block  phys=0x000000001B9D2D11  start=74993  size=4096 B  bits~16513
  [SEFI-block] SEFI-block  phys=0x000000001B9CC154  start=47412  size=4096 B  bits~16385
  [SEFI-block] SEFI-block  phys=0x000000001B9CA9C1  start=41377  size=4096 B  bits~16338
  [SEFI-block] SEFI-block  phys=0x000000001B9C98FE  start=37086  size=4096 B  bits~16526
  [SEFI-block] SEFI-block  phys=0x000000001B9CDBFD  start=54237  size=4096 B  bits~16469
  [SEFI-block] SEFI-block  phys=0x000000001B9D2A23  start=74243  size=4096 B  bits~16528
  [SEFI-block] SEFI-block  phys=0x000000001B9C7116  start=26870  size=4096 B  bits~16478
  [SEFI-block] SEFI-block  phys=0x000000001B9D8935  start=98581  size=4096 B  bits~16378
  [SEFI-block] SEFI-block  phys=0x000000001B9D9670  start=101968  size=4096 B  bits~16508
  [SEFI-block] SEFI-block  phys=0x000000001B9DFACF  start=127663  size=4096 B  bits~16309
  [SEFI-block] SEFI-block  phys=0x000000001B9E0C3C  start=132124  size=4096 B  bits~16358
  [SEFI-block] SEFI-block  phys=0x000000001B9D2675  start=73301  size=4096 B  bits~16321
  [SEFI-block] SEFI-block  phys=0x000000001B9D9F1C  start=104188  size=4096 B  bits~16493
  [SEFI-block] SEFI-block  phys=0x000000001B9C57B6  start=20374  size=4096 B  bits~16484
  [SEFI-block] SEFI-block  phys=0x000000001B9D5627  start=85511  size=4096 B  bits~16391
  [SEFI-block] SEFI-block  phys=0x000000001B9DAC2B  start=107531  size=4096 B  bits~16433
  [SEFI-block] SEFI-block  phys=0x000000001B9E1337  start=133911  size=4096 B  bits~16339
  [SEFI-block] SEFI-block  phys=0x000000001B9CC507  start=48359  size=4096 B  bits~16304
  [SEFI-block] SEFI-block  phys=0x000000001B9D13D1  start=68529  size=4096 B  bits~16481
  [SEFI-block] SEFI-block  phys=0x000000001B9C55A6  start=19846  size=4096 B  bits~16448
  [SEFI-block] SEFI-block  phys=0x000000001B9CAE5D  start=42557  size=4096 B  bits~16535
  [SEFI-block] SEFI-block  phys=0x000000001B9D7DA4  start=95620  size=4096 B  bits~16279
  [SEFI-block] SEFI-block  phys=0x000000001B9C7BEE  start=29646  size=4096 B  bits~16448
  [SEFI-block] SEFI-block  phys=0x000000001B9CBD15  start=46325  size=4096 B  bits~16357
  [SEFI-block] SEFI-block  phys=0x000000001B9CBC76  start=46166  size=4096 B  bits~16516
  [SEFI-block] SEFI-block  phys=0x000000001B9D8F45  start=100133  size=4096 B  bits~16376
  [SEFI-block] SEFI-block  phys=0x000000001B9D8A3A  start=98842  size=4096 B  bits~16544
  [SEFI-block] SEFI-block  phys=0x000000001B9D4BE5  start=82885  size=4096 B  bits~16392
  [SEFI-block] SEFI-block  phys=0x000000001B9CBB7C  start=45916  size=4096 B  bits~16439
  [SEFI-block] SEFI-block  phys=0x000000001B9D2C41  start=74785  size=4096 B  bits~16439
  [SEFI-block] SEFI-block  phys=0x000000001B9D36FB  start=77531  size=4096 B  bits~16445
  [SEFI-block] SEFI-block  phys=0x000000001B9CCA3C  start=49692  size=4096 B  bits~16442
  [SEFI-block] SEFI-block  phys=0x000000001B9D2042  start=71714  size=4096 B  bits~16429
  [SEFI-block] SEFI-block  phys=0x000000001B9C70BC  start=26780  size=4096 B  bits~16337
  [SEFI-block] SEFI-block  phys=0x000000001B9C6CCB  start=25771  size=4096 B  bits~16467
  [SEFI-block] SEFI-block  phys=0x000000001B9C0FF7  start=2007  size=4096 B  bits~16426
  [SEFI-block] SEFI-block  phys=0x000000001B9DF15C  start=125244  size=4096 B  bits~16543
  [SEFI-block] SEFI-block  phys=0x000000001B9D85F8  start=97752  size=4096 B  bits~16350
  [SEFI-block] SEFI-block  phys=0x000000001B9C6B58  start=25400  size=4096 B  bits~16381
  [SEFI-block] SEFI-block  phys=0x000000001B9C7B7E  start=29534  size=4096 B  bits~16506
  [SEFI-block] SEFI-block  phys=0x000000001B9C628F  start=23151  size=4096 B  bits~16452
[Summary] target=input_tensor  baseline=75.00%  faulty=75.00%

──── target=buffers ────
  [buffers_post] SEFI-block  phys=0x0000000006F13000  start=0  size=1008 B  bits~3934
  [buffers_post] SEFI-block  phys=0x0000000006F13000  start=0  size=1008 B  bits~4071
  [buffers_post] SEFI-block  phys=0x0000000006F13000  start=0  size=1008 B  bits~3999
  [buffers_post] SEFI-block  phys=0x0000000006F13000  start=0  size=1008 B  bits~3956
  [buffers_post] SEFI-block  phys=0x0000000006F13000  start=0  size=1008 B  bits~3974
  [buffers_post] SEFI-block  phys=0x0000000006F13000  start=0  size=1008 B  bits~4135
  [buffers_post] SEFI-block  phys=0x0000000006F13000  start=0  size=1008 B  bits~3989
  [buffers_post] SEFI-block  phys=0x0000000006F13000  start=0  size=1008 B  bits~4040
  [buffers_post] SEFI-block  phys=0x0000000006F13000  start=0  size=1008 B  bits~3996
  [buffers_post] SEFI-block  phys=0x0000000006F13000  start=0  size=1008 B  bits~4072
  [buffers_post] SEFI-block  phys=0x0000000006F13000  start=0  size=1008 B  bits~4067
  [buffers_post] SEFI-block  phys=0x0000000006F13000  start=0  size=1008 B  bits~4014
  [buffers_post] SEFI-block  phys=0x0000000006F13000  start=0  size=1008 B  bits~4044
  [buffers_post] SEFI-block  phys=0x0000000006F13000  start=0  size=1008 B  bits~4061
  [buffers_post] SEFI-block  phys=0x0000000006F13000  start=0  size=1008 B  bits~4124
  [buffers_post] SEFI-block  phys=0x0000000006F13000  start=0  size=1008 B  bits~4057
  [buffers_post] SEFI-block  phys=0x0000000006F13000  start=0  size=1008 B  bits~4062
  [buffers_post] SEFI-block  phys=0x0000000006F13000  start=0  size=1008 B  bits~4060
  [buffers_post] SEFI-block  phys=0x0000000006F13000  start=0  size=1008 B  bits~4053
  [buffers_post] SEFI-block  phys=0x0000000006F13000  start=0  size=1008 B  bits~4085
  [buffers_post] SEFI-block  phys=0x0000000006F13000  start=0  size=1008 B  bits~4097
  [buffers_post] SEFI-block  phys=0x0000000006F13000  start=0  size=1008 B  bits~4072
  [buffers_post] SEFI-block  phys=0x0000000006F13000  start=0  size=1008 B  bits~4060
  [buffers_post] SEFI-block  phys=0x0000000006F13000  start=0  size=1008 B  bits~4062
  [buffers_post] SEFI-block  phys=0x0000000006F13000  start=0  size=1008 B  bits~4063
  [buffers_post] SEFI-block  phys=0x0000000006F13000  start=0  size=1008 B  bits~4013
  [buffers_post] SEFI-block  phys=0x0000000006F13000  start=0  size=1008 B  bits~4142
  [buffers_post] SEFI-block  phys=0x0000000006F13000  start=0  size=1008 B  bits~4070
  [buffers_post] SEFI-block  phys=0x0000000006F13000  start=0  size=1008 B  bits~4059
  [buffers_post] SEFI-block  phys=0x0000000006F13000  start=0  size=1008 B  bits~4064
  [buffers_post] SEFI-block  phys=0x0000000006F13000  start=0  size=1008 B  bits~4063
  [buffers_post] SEFI-block  phys=0x0000000006F13000  start=0  size=1008 B  bits~4046
  [buffers_post] SEFI-block  phys=0x0000000006F13000  start=0  size=1008 B  bits~4097
  [buffers_post] SEFI-block  phys=0x0000000006F13000  start=0  size=1008 B  bits~4067
  [buffers_post] SEFI-block  phys=0x0000000006F13000  start=0  size=1008 B  bits~4145
  [buffers_post] SEFI-block  phys=0x0000000006F13000  start=0  size=1008 B  bits~4000
  [buffers_post] SEFI-block  phys=0x0000000006F13000  start=0  size=1008 B  bits~3991
  [buffers_post] SEFI-block  phys=0x0000000006F13000  start=0  size=1008 B  bits~4023
  [buffers_post] SEFI-block  phys=0x0000000006F13000  start=0  size=1008 B  bits~4015
  [buffers_post] SEFI-block  phys=0x0000000006F13000  start=0  size=1008 B  bits~3984
  [buffers_post] SEFI-block  phys=0x0000000006F13000  start=0  size=1008 B  bits~4008
  [buffers_post] SEFI-block  phys=0x0000000006F13000  start=0  size=1008 B  bits~4061
  [buffers_post] SEFI-block  phys=0x0000000006F13000  start=0  size=1008 B  bits~4117
  [buffers_post] SEFI-block  phys=0x0000000006F13000  start=0  size=1008 B  bits~4078
  [buffers_post] SEFI-block  phys=0x0000000006F13000  start=0  size=1008 B  bits~4068
  [buffers_post] SEFI-block  phys=0x0000000006F13000  start=0  size=1008 B  bits~4084
  [buffers_post] SEFI-block  phys=0x0000000006F13000  start=0  size=1008 B  bits~4063
  [buffers_post] SEFI-block  phys=0x0000000006F13000  start=0  size=1008 B  bits~4049
  [buffers_post] SEFI-block  phys=0x0000000006F13000  start=0  size=1008 B  bits~4027
  [buffers_post] SEFI-block  phys=0x0000000006F13000  start=0  size=1008 B  bits~4080
  [buffers_post] SEFI-block  phys=0x0000000006F13000  start=0  size=1008 B  bits~4094
  [buffers_post] SEFI-block  phys=0x0000000006F13000  start=0  size=1008 B  bits~4004
  [buffers_post] SEFI-block  phys=0x0000000006F13000  start=0  size=1008 B  bits~4018
  [buffers_post] SEFI-block  phys=0x0000000006F13000  start=0  size=1008 B  bits~4094
  [buffers_post] SEFI-block  phys=0x0000000006F13000  start=0  size=1008 B  bits~4049
  [buffers_post] SEFI-block  phys=0x0000000006F13000  start=0  size=1008 B  bits~4003
  [buffers_post] SEFI-block  phys=0x0000000006F13000  start=0  size=1008 B  bits~4094
  [buffers_post] SEFI-block  phys=0x0000000006F13000  start=0  size=1008 B  bits~4052
  [buffers_post] SEFI-block  phys=0x0000000006F13000  start=0  size=1008 B  bits~3977
  [buffers_post] SEFI-block  phys=0x0000000006F13000  start=0  size=1008 B  bits~4115
  [buffers_post] SEFI-block  phys=0x0000000006F13000  start=0  size=1008 B  bits~4040
  [buffers_post] SEFI-block  phys=0x0000000006F13000  start=0  size=1008 B  bits~4019
  [buffers_post] SEFI-block  phys=0x0000000006F13000  start=0  size=1008 B  bits~4063
  [buffers_post] SEFI-block  phys=0x0000000006F13000  start=0  size=1008 B  bits~3995
  [buffers_post] SEFI-block  phys=0x0000000006F13000  start=0  size=1008 B  bits~4038
  [buffers_post] SEFI-block  phys=0x0000000006F13000  start=0  size=1008 B  bits~4109
  [buffers_post] SEFI-block  phys=0x0000000006F13000  start=0  size=1008 B  bits~4095
  [buffers_post] SEFI-block  phys=0x0000000006F13000  start=0  size=1008 B  bits~4035
  [buffers_post] SEFI-block  phys=0x0000000006F13000  start=0  size=1008 B  bits~4051
  [buffers_post] SEFI-block  phys=0x0000000006F13000  start=0  size=1008 B  bits~4061
  [buffers_post] SEFI-block  phys=0x0000000006F13000  start=0  size=1008 B  bits~3978
  [buffers_post] SEFI-block  phys=0x0000000006F13000  start=0  size=1008 B  bits~4065
  [buffers_post] SEFI-block  phys=0x0000000006F13000  start=0  size=1008 B  bits~4034
  [buffers_post] SEFI-block  phys=0x0000000006F13000  start=0  size=1008 B  bits~4006
  [buffers_post] SEFI-block  phys=0x0000000006F13000  start=0  size=1008 B  bits~4131
  [buffers_post] SEFI-block  phys=0x0000000006F13000  start=0  size=1008 B  bits~4096
  [buffers_post] SEFI-block  phys=0x0000000006F13000  start=0  size=1008 B  bits~4101
  [buffers_post] SEFI-block  phys=0x0000000006F13000  start=0  size=1008 B  bits~4132
  [buffers_post] SEFI-block  phys=0x0000000006F13000  start=0  size=1008 B  bits~4017
  [buffers_post] SEFI-block  phys=0x0000000006F13000  start=0  size=1008 B  bits~3990
  [buffers_post] SEFI-block  phys=0x0000000006F13000  start=0  size=1008 B  bits~4118
  [buffers_post] SEFI-block  phys=0x0000000006F13000  start=0  size=1008 B  bits~4074
  [buffers_post] SEFI-block  phys=0x0000000006F13000  start=0  size=1008 B  bits~4040
  [buffers_post] SEFI-block  phys=0x0000000006F13000  start=0  size=1008 B  bits~4139
  [buffers_post] SEFI-block  phys=0x0000000006F13000  start=0  size=1008 B  bits~4023
  [buffers_post] SEFI-block  phys=0x0000000006F13000  start=0  size=1008 B  bits~4065
  [buffers_post] SEFI-block  phys=0x0000000006F13000  start=0  size=1008 B  bits~3976
  [buffers_post] SEFI-block  phys=0x0000000006F13000  start=0  size=1008 B  bits~4040
  [buffers_post] SEFI-block  phys=0x0000000006F13000  start=0  size=1008 B  bits~4076
  [buffers_post] SEFI-block  phys=0x0000000006F13000  start=0  size=1008 B  bits~4026
  [buffers_post] SEFI-block  phys=0x0000000006F13000  start=0  size=1008 B  bits~4029
  [buffers_post] SEFI-block  phys=0x0000000006F13000  start=0  size=1008 B  bits~4052
  [buffers_post] SEFI-block  phys=0x0000000006F13000  start=0  size=1008 B  bits~4055
  [buffers_post] SEFI-block  phys=0x0000000006F13000  start=0  size=1008 B  bits~4118
  [buffers_post] SEFI-block  phys=0x0000000006F13000  start=0  size=1008 B  bits~4008
  [buffers_post] SEFI-block  phys=0x0000000006F13000  start=0  size=1008 B  bits~4046
  [buffers_post] SEFI-block  phys=0x0000000006F13000  start=0  size=1008 B  bits~4085
  [buffers_post] SEFI-block  phys=0x0000000006F13000  start=0  size=1008 B  bits~4061
  [buffers_post] SEFI-block  phys=0x0000000006F13000  start=0  size=1008 B  bits~3995
  [buffers_post] SEFI-block  phys=0x0000000006F13000  start=0  size=1008 B  bits~4003
[Summary] target=buffers  baseline=75.00%  faulty=0.00%
